Archive member included to satisfy reference by file (symbol)

/usr/lib/gcc/arm-none-eabi/10.3.1/thumb/v6-m/nofp/libgcc.a(_dvmd_tls.o)
                              CMakeFiles/motor_adc.dir/root/pico-sdk/src/rp2_common/pico_divider/divider.S.obj (__aeabi_idiv0)
/usr/lib/gcc/arm-none-eabi/10.3.1/../../../arm-none-eabi/lib/thumb/v6-m/nofp/libc.a(lib_a-atexit.o)
                              /usr/lib/gcc/arm-none-eabi/10.3.1/../../../arm-none-eabi/lib/thumb/v6-m/nofp/crt0.o (atexit)
/usr/lib/gcc/arm-none-eabi/10.3.1/../../../arm-none-eabi/lib/thumb/v6-m/nofp/libc.a(lib_a-calloc.o)
                              CMakeFiles/motor_adc.dir/root/pico-sdk/src/rp2_common/pico_malloc/pico_malloc.c.obj (calloc)
/usr/lib/gcc/arm-none-eabi/10.3.1/../../../arm-none-eabi/lib/thumb/v6-m/nofp/libc.a(lib_a-callocr.o)
                              /usr/lib/gcc/arm-none-eabi/10.3.1/../../../arm-none-eabi/lib/thumb/v6-m/nofp/libc.a(lib_a-calloc.o) (_calloc_r)
/usr/lib/gcc/arm-none-eabi/10.3.1/../../../arm-none-eabi/lib/thumb/v6-m/nofp/libc.a(lib_a-fini.o)
                              /usr/lib/gcc/arm-none-eabi/10.3.1/../../../arm-none-eabi/lib/thumb/v6-m/nofp/crt0.o (__libc_fini_array)
/usr/lib/gcc/arm-none-eabi/10.3.1/../../../arm-none-eabi/lib/thumb/v6-m/nofp/libc.a(lib_a-impure.o)
                              /usr/lib/gcc/arm-none-eabi/10.3.1/../../../arm-none-eabi/lib/thumb/v6-m/nofp/libc.a(lib_a-calloc.o) (_impure_ptr)
/usr/lib/gcc/arm-none-eabi/10.3.1/../../../arm-none-eabi/lib/thumb/v6-m/nofp/libc.a(lib_a-init.o)
                              /usr/lib/gcc/arm-none-eabi/10.3.1/../../../arm-none-eabi/lib/thumb/v6-m/nofp/crt0.o (__libc_init_array)
/usr/lib/gcc/arm-none-eabi/10.3.1/../../../arm-none-eabi/lib/thumb/v6-m/nofp/libc.a(lib_a-malloc.o)
                              CMakeFiles/motor_adc.dir/root/pico-sdk/src/rp2_common/pico_malloc/pico_malloc.c.obj (malloc)
/usr/lib/gcc/arm-none-eabi/10.3.1/../../../arm-none-eabi/lib/thumb/v6-m/nofp/libc.a(lib_a-mallocr.o)
                              /usr/lib/gcc/arm-none-eabi/10.3.1/../../../arm-none-eabi/lib/thumb/v6-m/nofp/libc.a(lib_a-callocr.o) (_malloc_r)
/usr/lib/gcc/arm-none-eabi/10.3.1/../../../arm-none-eabi/lib/thumb/v6-m/nofp/libc.a(lib_a-mlock.o)
                              /usr/lib/gcc/arm-none-eabi/10.3.1/../../../arm-none-eabi/lib/thumb/v6-m/nofp/libc.a(lib_a-mallocr.o) (__malloc_lock)
/usr/lib/gcc/arm-none-eabi/10.3.1/../../../arm-none-eabi/lib/thumb/v6-m/nofp/libc.a(lib_a-realloc.o)
                              CMakeFiles/motor_adc.dir/root/pico-sdk/src/rp2_common/pico_malloc/pico_malloc.c.obj (realloc)
/usr/lib/gcc/arm-none-eabi/10.3.1/../../../arm-none-eabi/lib/thumb/v6-m/nofp/libc.a(lib_a-reallocr.o)
                              /usr/lib/gcc/arm-none-eabi/10.3.1/../../../arm-none-eabi/lib/thumb/v6-m/nofp/libc.a(lib_a-realloc.o) (_realloc_r)
/usr/lib/gcc/arm-none-eabi/10.3.1/../../../arm-none-eabi/lib/thumb/v6-m/nofp/libc.a(lib_a-sbrkr.o)
                              /usr/lib/gcc/arm-none-eabi/10.3.1/../../../arm-none-eabi/lib/thumb/v6-m/nofp/libc.a(lib_a-mallocr.o) (_sbrk_r)
/usr/lib/gcc/arm-none-eabi/10.3.1/../../../arm-none-eabi/lib/thumb/v6-m/nofp/libc.a(lib_a-strlen-stub.o)
                              CMakeFiles/motor_adc.dir/root/pico-sdk/src/rp2_common/pico_stdio/stdio.c.obj (strlen)
/usr/lib/gcc/arm-none-eabi/10.3.1/../../../arm-none-eabi/lib/thumb/v6-m/nofp/libc.a(lib_a-__atexit.o)
                              /usr/lib/gcc/arm-none-eabi/10.3.1/../../../arm-none-eabi/lib/thumb/v6-m/nofp/libc.a(lib_a-atexit.o) (__register_exitproc)
/usr/lib/gcc/arm-none-eabi/10.3.1/../../../arm-none-eabi/lib/thumb/v6-m/nofp/libc.a(lib_a-freer.o)
                              /usr/lib/gcc/arm-none-eabi/10.3.1/../../../arm-none-eabi/lib/thumb/v6-m/nofp/libc.a(lib_a-malloc.o) (_free_r)
/usr/lib/gcc/arm-none-eabi/10.3.1/../../../arm-none-eabi/lib/thumb/v6-m/nofp/libc.a(lib_a-memmove.o)
                              /usr/lib/gcc/arm-none-eabi/10.3.1/../../../arm-none-eabi/lib/thumb/v6-m/nofp/libc.a(lib_a-reallocr.o) (memmove)
/usr/lib/gcc/arm-none-eabi/10.3.1/../../../arm-none-eabi/lib/thumb/v6-m/nofp/libc.a(lib_a-reent.o)
                              /usr/lib/gcc/arm-none-eabi/10.3.1/../../../arm-none-eabi/lib/thumb/v6-m/nofp/libc.a(lib_a-sbrkr.o) (errno)

Discarded input sections

 .text          0x0000000000000000        0x0 /usr/lib/gcc/arm-none-eabi/10.3.1/thumb/v6-m/nofp/crti.o
 .data          0x0000000000000000        0x0 /usr/lib/gcc/arm-none-eabi/10.3.1/thumb/v6-m/nofp/crti.o
 .bss           0x0000000000000000        0x0 /usr/lib/gcc/arm-none-eabi/10.3.1/thumb/v6-m/nofp/crti.o
 .data          0x0000000000000000        0x4 /usr/lib/gcc/arm-none-eabi/10.3.1/thumb/v6-m/nofp/crtbegin.o
 .rodata        0x0000000000000000       0x24 /usr/lib/gcc/arm-none-eabi/10.3.1/thumb/v6-m/nofp/crtbegin.o
 .fini_array    0x0000000000000000        0x4 /usr/lib/gcc/arm-none-eabi/10.3.1/thumb/v6-m/nofp/crtbegin.o
[...]
Memory Configuration

Name             Origin             Length             Attributes
FLASH            0x0000000010000000 0x0000000000200000 xr
RAM              0x0000000020000000 0x0000000000040000 xrw
SCRATCH_X        0x0000000020040000 0x0000000000001000 xrw
SCRATCH_Y        0x0000000020041000 0x0000000000001000 xrw
*default*        0x0000000000000000 0xffffffffffffffff

Linker script and memory map

LOAD /usr/lib/gcc/arm-none-eabi/10.3.1/thumb/v6-m/nofp/crti.o
LOAD /usr/lib/gcc/arm-none-eabi/10.3.1/thumb/v6-m/nofp/crtbegin.o
LOAD /usr/lib/gcc/arm-none-eabi/10.3.1/../../../arm-none-eabi/lib/thumb/v6-m/nofp/crt0.o

.flash_begin    0x0000000010000000        0x0
                0x0000000010000000                __flash_binary_start = .

.boot2          0x0000000010000000      0x100
                0x0000000010000000                __boot2_start__ = .
 *(.boot2)
 .boot2         0x0000000010000000      0x100 /tmp/ccs3XfeK.o
                0x0000000010000100                __boot2_end__ = .
                0x0000000000000001                ASSERT (((__boot2_end__ - __boot2_start__) == 0x100), ERROR: Pico second stage bootloader must be 256 bytes in size)

.text           0x0000000010000100     0x69f0
                0x0000000010000100                __logical_binary_start = .
 *(.vectors)
 .vectors       0x0000000010000100       0xd4 CMakeFiles/motor_adc.dir/root/pico-sdk/src/rp2_common/pico_standard_link/crt0.S.obj
                0x0000000010000100                __vectors
                0x0000000010000100                __VECTOR_TABLE
                0x00000000100001c0                isr_invalid
                0x00000000100001c0                __default_isrs_start
                0x00000000100001c2                isr_nmi
                0x00000000100001c4                isr_hardfault
                0x00000000100001c6                isr_svcall
                0x00000000100001c8                isr_pendsv
                0x00000000100001ca                isr_systick
                0x00000000100001cc                isr_irq30
                0x00000000100001cc                __unhandled_user_irq
                0x00000000100001cc                isr_irq13
                0x00000000100001cc                isr_irq27
                0x00000000100001cc                isr_irq31
                0x00000000100001cc                isr_irq5
                0x00000000100001cc                isr_irq11
                0x00000000100001cc                isr_irq23
                0x00000000100001cc                isr_irq18
                0x00000000100001cc                isr_irq28
                0x00000000100001cc                isr_irq19
                0x00000000100001cc                isr_irq0
                0x00000000100001cc                isr_irq6
                0x00000000100001cc                isr_irq22
                0x00000000100001cc                isr_irq17
                0x00000000100001cc                isr_irq14
                0x00000000100001cc                isr_irq2
                0x00000000100001cc                isr_irq10
                0x00000000100001cc                isr_irq8
                0x00000000100001cc                isr_irq24
                0x00000000100001cc                isr_irq1
                0x00000000100001cc                isr_irq7
                0x00000000100001cc                isr_irq21
                0x00000000100001cc                isr_irq20
                0x00000000100001cc                isr_irq15
                0x00000000100001cc                isr_irq25
                0x00000000100001cc                isr_irq4
                0x00000000100001cc                isr_irq16
                0x00000000100001cc                isr_irq29
                0x00000000100001cc                isr_irq26
                0x00000000100001cc                __default_isrs_end
                0x00000000100001cc                isr_irq3
                0x00000000100001cc                isr_irq12
                0x00000000100001cc                isr_irq9
                0x00000000100001d2                unhandled_user_irq_num_in_r0
 *(.binary_info_header)
 .binary_info_header
                0x00000000100001d4       0x14 CMakeFiles/motor_adc.dir/root/pico-sdk/src/rp2_common/pico_standard_link/crt0.S.obj
                0x00000000100001e8                __binary_info_header_end = .
 *(.reset)
 .reset         0x00000000100001e8       0xa0 CMakeFiles/motor_adc.dir/root/pico-sdk/src/rp2_common/pico_standard_link/crt0.S.obj
                0x00000000100001e8                _entry_point
 .reset         0x0000000010000288       0x30 CMakeFiles/motor_adc.dir/root/pico-sdk/src/rp2_common/pico_standard_link/binary_info.c.obj
 *(.init)
 .init          0x00000000100002b8        0x4 /usr/lib/gcc/arm-none-eabi/10.3.1/thumb/v6-m/nofp/crti.o
                0x00000000100002b8                _init
 *(EXCLUDE_FILE(*libm.a: *libc.a:*lib_a-mem*.o *libgcc.a:) .text*)
 .text          0x00000000100002bc       0x98 /usr/lib/gcc/arm-none-eabi/10.3.1/thumb/v6-m/nofp/crtbegin.o
 .text.adc_gpio_init
                0x0000000010000354       0x20 CMakeFiles/motor_adc.dir/motor_adc.c.obj
 .text.startup.main
                0x0000000010000374      0x10c CMakeFiles/motor_adc.dir/motor_adc.c.obj
                0x0000000010000374                main
 .text.gpio_set_function
                0x0000000010000480       0x30 CMakeFiles/motor_adc.dir/root/pico-sdk/src/rp2_common/hardware_gpio/gpio.c.obj
                0x0000000010000480                gpio_set_function
 .text.gpio_set_pulls
                0x00000000100004b0       0x30 CMakeFiles/motor_adc.dir/root/pico-sdk/src/rp2_common/hardware_gpio/gpio.c.obj
                0x00000000100004b0                gpio_set_pulls
 .text.gpio_set_input_enabled
                0x00000000100004e0       0x28 CMakeFiles/motor_adc.dir/root/pico-sdk/src/rp2_common/hardware_gpio/gpio.c.obj
                0x00000000100004e0                gpio_set_input_enabled
 .text.running_on_fpga
                0x0000000010000508       0x10 CMakeFiles/motor_adc.dir/root/pico-sdk/src/rp2_common/pico_platform/platform.c.obj
                0x0000000010000508                running_on_fpga
 .text.hw_claim_or_assert
                0x0000000010000518       0x44 CMakeFiles/motor_adc.dir/root/pico-sdk/src/rp2_common/hardware_claim/claim.c.obj
                0x0000000010000518                hw_claim_or_assert
 .text.hw_claim_unused_from_range
                0x000000001000055c       0x9c CMakeFiles/motor_adc.dir/root/pico-sdk/src/rp2_common/hardware_claim/claim.c.obj
                0x000000001000055c                hw_claim_unused_from_range
 .text.spin_locks_reset
                0x00000000100005f8       0x1c CMakeFiles/motor_adc.dir/root/pico-sdk/src/rp2_common/hardware_sync/sync.c.obj
                0x00000000100005f8                spin_locks_reset
 .text.next_striped_spin_lock_num
                0x0000000010000614       0x18 CMakeFiles/motor_adc.dir/root/pico-sdk/src/rp2_common/hardware_sync/sync.c.obj
                0x0000000010000614                next_striped_spin_lock_num
 .text.spin_lock_claim_unused
                0x000000001000062c       0x20 CMakeFiles/motor_adc.dir/root/pico-sdk/src/rp2_common/hardware_sync/sync.c.obj
                0x000000001000062c                spin_lock_claim_unused
 .text.irq_set_enabled
                0x000000001000064c       0x24 CMakeFiles/motor_adc.dir/root/pico-sdk/src/rp2_common/hardware_irq/irq.c.obj
                0x000000001000064c                irq_set_enabled
 .text.irq_set_pending
                0x0000000010000670       0x10 CMakeFiles/motor_adc.dir/root/pico-sdk/src/rp2_common/hardware_irq/irq.c.obj
                0x0000000010000670                irq_set_pending
 .text.irq_has_shared_handler
                0x0000000010000680       0x2c CMakeFiles/motor_adc.dir/root/pico-sdk/src/rp2_common/hardware_irq/irq.c.obj
                0x0000000010000680                irq_has_shared_handler
 .text.irq_get_vtable_handler
                0x00000000100006ac       0x10 CMakeFiles/motor_adc.dir/root/pico-sdk/src/rp2_common/hardware_irq/irq.c.obj
                0x00000000100006ac                irq_get_vtable_handler
 .text.irq_set_exclusive_handler
                0x00000000100006bc       0x54 CMakeFiles/motor_adc.dir/root/pico-sdk/src/rp2_common/hardware_irq/irq.c.obj
                0x00000000100006bc                irq_set_exclusive_handler
 .text.irq_add_shared_handler
                0x0000000010000710      0x1e8 CMakeFiles/motor_adc.dir/root/pico-sdk/src/rp2_common/hardware_irq/irq.c.obj
                0x0000000010000710                irq_add_shared_handler
 .text.irq_remove_handler
                0x00000000100008f8      0x1b0 CMakeFiles/motor_adc.dir/root/pico-sdk/src/rp2_common/hardware_irq/irq.c.obj
                0x00000000100008f8                irq_remove_handler
 .text.irq_add_tail_to_free_list
                0x0000000010000aa8       0xb4 CMakeFiles/motor_adc.dir/root/pico-sdk/src/rp2_common/hardware_irq/irq.c.obj
                0x0000000010000aa8                irq_add_tail_to_free_list
 .text.irq_init_priorities
                0x0000000010000b5c       0x24 CMakeFiles/motor_adc.dir/root/pico-sdk/src/rp2_common/hardware_irq/irq.c.obj
                0x0000000010000b5c                irq_init_priorities
 .text.user_irq_claim_unused
                0x0000000010000b80       0x28 CMakeFiles/motor_adc.dir/root/pico-sdk/src/rp2_common/hardware_irq/irq.c.obj
                0x0000000010000b80                user_irq_claim_unused
 .text.lock_init
                0x0000000010000ba8       0x10 CMakeFiles/motor_adc.dir/root/pico-sdk/src/common/pico_sync/lock_core.c.obj
                0x0000000010000ba8                lock_init
 .text.mutex_init
                0x0000000010000bb8       0x1c CMakeFiles/motor_adc.dir/root/pico-sdk/src/common/pico_sync/mutex.c.obj
                0x0000000010000bb8                mutex_init
 .text.recursive_mutex_init
                0x0000000010000bd4       0x1c CMakeFiles/motor_adc.dir/root/pico-sdk/src/common/pico_sync/mutex.c.obj
                0x0000000010000bd4                recursive_mutex_init
 .text.critical_section_init
                0x0000000010000bf0       0x20 CMakeFiles/motor_adc.dir/root/pico-sdk/src/common/pico_sync/critical_section.c.obj
                0x0000000010000bf0                critical_section_init
 .text.critical_section_init_with_lock_num
                0x0000000010000c10       0x14 CMakeFiles/motor_adc.dir/root/pico-sdk/src/common/pico_sync/critical_section.c.obj
                0x0000000010000c10                critical_section_init_with_lock_num
 .text.timer_pool_entry_comparator
                0x0000000010000c24       0x34 CMakeFiles/motor_adc.dir/root/pico-sdk/src/common/pico_time/time.c.obj
                0x0000000010000c24                timer_pool_entry_comparator
 .text.sleep_until_callback
                0x0000000010000c58       0x30 CMakeFiles/motor_adc.dir/root/pico-sdk/src/common/pico_time/time.c.obj
 .text.add_alarm_under_lock.isra.0
                0x0000000010000c88      0x100 CMakeFiles/motor_adc.dir/root/pico-sdk/src/common/pico_time/time.c.obj
 .text.alarm_pool_alarm_callback
                0x0000000010000d88      0x1b8 CMakeFiles/motor_adc.dir/root/pico-sdk/src/common/pico_time/time.c.obj
 .text.alarm_pool_init_default
                0x0000000010000f40       0x6c CMakeFiles/motor_adc.dir/root/pico-sdk/src/common/pico_time/time.c.obj
                0x0000000010000f40                alarm_pool_init_default
 .text.alarm_pool_get_default
                0x0000000010000fac        0x8 CMakeFiles/motor_adc.dir/root/pico-sdk/src/common/pico_time/time.c.obj
                0x0000000010000fac                alarm_pool_get_default
 .text.alarm_pool_add_alarm_at
                0x0000000010000fb4      0x17c CMakeFiles/motor_adc.dir/root/pico-sdk/src/common/pico_time/time.c.obj
                0x0000000010000fb4                alarm_pool_add_alarm_at
 .text.alarm_pool_cancel_alarm
                0x0000000010001130       0x74 CMakeFiles/motor_adc.dir/root/pico-sdk/src/common/pico_time/time.c.obj
                0x0000000010001130                alarm_pool_cancel_alarm
 .text.alarm_pool_core_num
                0x00000000100011a4        0x4 CMakeFiles/motor_adc.dir/root/pico-sdk/src/common/pico_time/time.c.obj
                0x00000000100011a4                alarm_pool_core_num
 .text.sleep_until
                0x00000000100011a8       0xc4 CMakeFiles/motor_adc.dir/root/pico-sdk/src/common/pico_time/time.c.obj
                0x00000000100011a8                sleep_until
 .text.sleep_ms
                0x000000001000126c       0x34 CMakeFiles/motor_adc.dir/root/pico-sdk/src/common/pico_time/time.c.obj
                0x000000001000126c                sleep_ms
 .text.best_effort_wfe_or_timeout
                0x00000000100012a0       0x78 CMakeFiles/motor_adc.dir/root/pico-sdk/src/common/pico_time/time.c.obj
                0x00000000100012a0                best_effort_wfe_or_timeout
 .text.hardware_alarm_irq_handler
                0x0000000010001318       0xbc CMakeFiles/motor_adc.dir/root/pico-sdk/src/rp2_common/hardware_timer/timer.c.obj
 .text.hardware_alarm_claim
                0x00000000100013d4       0x18 CMakeFiles/motor_adc.dir/root/pico-sdk/src/rp2_common/hardware_timer/timer.c.obj
                0x00000000100013d4                hardware_alarm_claim
 .text.time_us_64
                0x00000000100013ec       0x14 CMakeFiles/motor_adc.dir/root/pico-sdk/src/rp2_common/hardware_timer/timer.c.obj
                0x00000000100013ec                time_us_64
 .text.busy_wait_until
                0x0000000010001400       0x20 CMakeFiles/motor_adc.dir/root/pico-sdk/src/rp2_common/hardware_timer/timer.c.obj
                0x0000000010001400                busy_wait_until
 .text.hardware_alarm_set_callback
                0x0000000010001420       0x8c CMakeFiles/motor_adc.dir/root/pico-sdk/src/rp2_common/hardware_timer/timer.c.obj
                0x0000000010001420                hardware_alarm_set_callback
 .text.hardware_alarm_set_target
                0x00000000100014ac       0xe0 CMakeFiles/motor_adc.dir/root/pico-sdk/src/rp2_common/hardware_timer/timer.c.obj
                0x00000000100014ac                hardware_alarm_set_target
 .text.hardware_alarm_cancel
                0x000000001000158c       0x3c CMakeFiles/motor_adc.dir/root/pico-sdk/src/rp2_common/hardware_timer/timer.c.obj
                0x000000001000158c                hardware_alarm_cancel
 .text.ph_merge_nodes
                0x00000000100015c8       0x68 CMakeFiles/motor_adc.dir/root/pico-sdk/src/common/pico_util/pheap.c.obj
 .text.ph_post_alloc_init
                0x0000000010001630       0x3c CMakeFiles/motor_adc.dir/root/pico-sdk/src/common/pico_util/pheap.c.obj
                0x0000000010001630                ph_post_alloc_init
 .text.ph_merge_two_pass
                0x000000001000166c       0x90 CMakeFiles/motor_adc.dir/root/pico-sdk/src/common/pico_util/pheap.c.obj
                0x000000001000166c                ph_merge_two_pass
 .text.ph_remove_any_head
                0x00000000100016fc      0x100 CMakeFiles/motor_adc.dir/root/pico-sdk/src/common/pico_util/pheap.c.obj
 .text.ph_remove_head
                0x00000000100017fc      0x104 CMakeFiles/motor_adc.dir/root/pico-sdk/src/common/pico_util/pheap.c.obj
                0x00000000100017fc                ph_remove_head
 .text.ph_remove_and_free_node
                0x0000000010001900       0x7c CMakeFiles/motor_adc.dir/root/pico-sdk/src/common/pico_util/pheap.c.obj
                0x0000000010001900                ph_remove_and_free_node
 .text.clocks_init
                0x000000001000197c      0x2bc CMakeFiles/motor_adc.dir/root/pico-sdk/src/rp2_common/hardware_clocks/clocks.c.obj
                0x000000001000197c                clocks_init
 .text.pll_init
                0x0000000010001c38       0xb0 CMakeFiles/motor_adc.dir/root/pico-sdk/src/rp2_common/hardware_pll/pll.c.obj
                0x0000000010001c38                pll_init
 .text.watchdog_start_tick
                0x0000000010001ce8       0x10 CMakeFiles/motor_adc.dir/root/pico-sdk/src/rp2_common/hardware_watchdog/watchdog.c.obj
                0x0000000010001ce8                watchdog_start_tick
 .text.watchdog_reboot
                0x0000000010001cf8       0x98 CMakeFiles/motor_adc.dir/root/pico-sdk/src/rp2_common/hardware_watchdog/watchdog.c.obj
                0x0000000010001cf8                watchdog_reboot
 .text.xosc_init
                0x0000000010001d90       0x28 CMakeFiles/motor_adc.dir/root/pico-sdk/src/rp2_common/hardware_xosc/xosc.c.obj
                0x0000000010001d90                xosc_init
 .text.runtime_init
                0x0000000010001db8       0xf0 CMakeFiles/motor_adc.dir/root/pico-sdk/src/rp2_common/pico_runtime/runtime.c.obj
                0x0000000010001db8                runtime_init
 .text._exit    0x0000000010001ea8        0x4 CMakeFiles/motor_adc.dir/root/pico-sdk/src/rp2_common/pico_runtime/runtime.c.obj
                0x0000000010001ea8                _exit
 .text.exit     0x0000000010001eac        0x8 CMakeFiles/motor_adc.dir/root/pico-sdk/src/rp2_common/pico_runtime/runtime.c.obj
                0x0000000010001eac                exit
 .text.panic    0x0000000010001eb4       0x30 CMakeFiles/motor_adc.dir/root/pico-sdk/src/rp2_common/pico_runtime/runtime.c.obj
                0x0000000010001eb4                panic
 .text.hard_assertion_failure
                0x0000000010001ee4        0xc CMakeFiles/motor_adc.dir/root/pico-sdk/src/rp2_common/pico_runtime/runtime.c.obj
                0x0000000010001ee4                hard_assertion_failure
 .text._out_null
                0x0000000010001ef0        0x4 CMakeFiles/motor_adc.dir/root/pico-sdk/src/rp2_common/pico_printf/printf.c.obj
 .text._out_rev
                0x0000000010001ef4       0x9c CMakeFiles/motor_adc.dir/root/pico-sdk/src/rp2_common/pico_printf/printf.c.obj
 .text._ntoa_format
                0x0000000010001f90      0x1cc CMakeFiles/motor_adc.dir/root/pico-sdk/src/rp2_common/pico_printf/printf.c.obj
 .text._out_char
                0x000000001000215c       0x10 CMakeFiles/motor_adc.dir/root/pico-sdk/src/rp2_common/pico_printf/printf.c.obj
 .text._out_fct
                0x000000001000216c       0x10 CMakeFiles/motor_adc.dir/root/pico-sdk/src/rp2_common/pico_printf/printf.c.obj
 .text._etoa    0x000000001000217c      0x44c CMakeFiles/motor_adc.dir/root/pico-sdk/src/rp2_common/pico_printf/printf.c.obj
 .text._ftoa    0x00000000100025c8      0x398 CMakeFiles/motor_adc.dir/root/pico-sdk/src/rp2_common/pico_printf/printf.c.obj
 .text._vsnprintf
                0x0000000010002960      0xb04 CMakeFiles/motor_adc.dir/root/pico-sdk/src/rp2_common/pico_printf/printf.c.obj
 .text.vfctprintf
                0x0000000010003464       0x20 CMakeFiles/motor_adc.dir/root/pico-sdk/src/rp2_common/pico_printf/printf.c.obj
                0x0000000010003464                vfctprintf
 .text.weak_raw_vprintf
                0x0000000010003484       0x30 CMakeFiles/motor_adc.dir/root/pico-sdk/src/rp2_common/pico_printf/printf.c.obj
                0x0000000010003484                weak_raw_vprintf
 .text          0x00000000100034b4       0x10 CMakeFiles/motor_adc.dir/root/pico-sdk/src/rp2_common/pico_bit_ops/bit_ops_aeabi.S.obj
 .text.rom_func_lookup
                0x00000000100034c4       0x10 CMakeFiles/motor_adc.dir/root/pico-sdk/src/rp2_common/pico_bootrom/bootrom.c.obj
                0x00000000100034c4                rom_func_lookup
 .text.rom_data_lookup
                0x00000000100034d4       0x10 CMakeFiles/motor_adc.dir/root/pico-sdk/src/rp2_common/pico_bootrom/bootrom.c.obj
                0x00000000100034d4                rom_data_lookup
 .text.rom_funcs_lookup
                0x00000000100034e4       0x44 CMakeFiles/motor_adc.dir/root/pico-sdk/src/rp2_common/pico_bootrom/bootrom.c.obj
                0x00000000100034e4                rom_funcs_lookup
 .text.__wrap___aeabi_idiv
                0x0000000010003528       0x50 CMakeFiles/motor_adc.dir/root/pico-sdk/src/rp2_common/pico_divider/divider.S.obj
                0x0000000010003528                __wrap___aeabi_idivmod
                0x0000000010003528                divmod_s32s32
                0x0000000010003528                div_s32s32
                0x0000000010003528                __wrap___aeabi_idiv
                0x0000000010003530                divmod_s32s32_unsafe
                0x000000001000355c                divmod_s32s32_savestate
 .text.__wrap___aeabi_uidiv
                0x0000000010003578       0x4c CMakeFiles/motor_adc.dir/root/pico-sdk/src/rp2_common/pico_divider/divider.S.obj
                0x0000000010003578                __wrap___aeabi_uidiv
                0x0000000010003578                __wrap___aeabi_uidivmod
                0x0000000010003578                div_u32u32
                0x0000000010003578                divmod_u32u32
                0x0000000010003580                divmod_u32u32_unsafe
                0x00000000100035a8                divmod_u32u32_savestate
 .text.__wrap___aeabi_ldiv
                0x00000000100035c4      0x424 CMakeFiles/motor_adc.dir/root/pico-sdk/src/rp2_common/pico_divider/divider.S.obj
                0x00000000100035c4                div_s64s64
                0x00000000100035c4                divmod_s64s64
                0x00000000100035c4                __wrap___aeabi_ldivmod
                0x00000000100035f4                div_u64u64
                0x00000000100035f4                divmod_u64u64
                0x00000000100035f4                __wrap___aeabi_uldivmod
                0x0000000010003604                divmod_u64u64_savestate
                0x0000000010003624                divmod_s64s64_unsafe
                0x00000000100036ac                divmod_u64u64_unsafe
 .text.__wrap___aeabi_darithmetic
                0x00000000100039e8       0x80 CMakeFiles/motor_adc.dir/root/pico-sdk/src/rp2_common/pico_double/double_aeabi.S.obj
                0x00000000100039e8                __wrap___aeabi_drsub
                0x00000000100039ee                __wrap___aeabi_dsub
                0x0000000010003a00                __wrap___aeabi_dadd
                0x0000000010003a12                __wrap___aeabi_ddiv
                0x0000000010003a4e                __wrap___aeabi_dmul
 .text.__wrap___aeabi_cdcmple
                0x0000000010003a68       0x6c CMakeFiles/motor_adc.dir/root/pico-sdk/src/rp2_common/pico_double/double_aeabi.S.obj
                0x0000000010003a68                __wrap___aeabi_cdrcmple
                0x0000000010003a78                __wrap___aeabi_cdcmple
                0x0000000010003a78                __wrap___aeabi_cdcmpeq
 .text.__wrap___aeabi_dcmplt
                0x0000000010003ad4        0xc CMakeFiles/motor_adc.dir/root/pico-sdk/src/rp2_common/pico_double/double_aeabi.S.obj
                0x0000000010003ad4                __wrap___aeabi_dcmplt
 .text.__wrap___aeabi_dcmple
                0x0000000010003ae0       0x10 CMakeFiles/motor_adc.dir/root/pico-sdk/src/rp2_common/pico_double/double_aeabi.S.obj
                0x0000000010003ae0                __wrap___aeabi_dcmple
 .text.__wrap___aeabi_dcmpge
                0x0000000010003af0       0x10 CMakeFiles/motor_adc.dir/root/pico-sdk/src/rp2_common/pico_double/double_aeabi.S.obj
                0x0000000010003af0                __wrap___aeabi_dcmpge
 .text.__wrap___aeabi_dcmpgt
                0x0000000010003b00        0xa CMakeFiles/motor_adc.dir/root/pico-sdk/src/rp2_common/pico_double/double_aeabi.S.obj
                0x0000000010003b00                __wrap___aeabi_dcmpgt
 .text.__wrap___aeabi_dcmpun
                0x0000000010003b0a       0x1c CMakeFiles/motor_adc.dir/root/pico-sdk/src/rp2_common/pico_double/double_aeabi.S.obj
                0x0000000010003b0a                __wrap___aeabi_dcmpun
 *fill*         0x0000000010003b26        0x2 
 .text.__wrap___aeabi_i2d
                0x0000000010003b28       0x38 CMakeFiles/motor_adc.dir/root/pico-sdk/src/rp2_common/pico_double/double_aeabi.S.obj
                0x0000000010003b28                __wrap___aeabi_ui2d
                0x0000000010003b30                __wrap___aeabi_i2d
 .text.__wrap___aeabi_d2iz
                0x0000000010003b60       0x48 CMakeFiles/motor_adc.dir/root/pico-sdk/src/rp2_common/pico_double/double_aeabi.S.obj
                0x0000000010003b60                __wrap___aeabi_d2iz
                0x0000000010003b60                double2int_z
 .text.__wrap___aeabi_d2uiz
                0x0000000010003ba8       0x18 CMakeFiles/motor_adc.dir/root/pico-sdk/src/rp2_common/pico_double/double_aeabi.S.obj
                0x0000000010003ba8                double2uint
                0x0000000010003ba8                __wrap___aeabi_d2uiz
 .text.__aeabi_double_init
                0x0000000010003bc0       0x94 CMakeFiles/motor_adc.dir/root/pico-sdk/src/rp2_common/pico_double/double_init_rom.c.obj
                0x0000000010003bc0                __aeabi_double_init
 .text.double_table_shim_on_use_helper
                0x0000000010003c54       0x2c CMakeFiles/motor_adc.dir/root/pico-sdk/src/rp2_common/pico_double/double_v1_rom_shim.S.obj
                0x0000000010003c54                double_table_shim_on_use_helper
 .text.__wrap___aeabi_dsub
                0x0000000010003c80       0x10 CMakeFiles/motor_adc.dir/root/pico-sdk/src/rp2_common/pico_double/double_v1_rom_shim.S.obj
                0x0000000010003c80                drsub_shim
                0x0000000010003c86                dsub_shim
 .text.dadd_shim
                0x0000000010003c90      0x15c CMakeFiles/motor_adc.dir/root/pico-sdk/src/rp2_common/pico_double/double_v1_rom_shim.S.obj
                0x0000000010003c90                dadd_shim
 .text.dmul_shim
                0x0000000010003dec      0x15c CMakeFiles/motor_adc.dir/root/pico-sdk/src/rp2_common/pico_double/double_v1_rom_shim.S.obj
                0x0000000010003dec                dmul_shim
 .text.ddiv_shim
                0x0000000010003f48      0x1b0 CMakeFiles/motor_adc.dir/root/pico-sdk/src/rp2_common/pico_double/double_v1_rom_shim.S.obj
                0x0000000010003f48                ddiv_shim
 .text.double2uint_shim
                0x00000000100040f8        0xe CMakeFiles/motor_adc.dir/root/pico-sdk/src/rp2_common/pico_double/double_v1_rom_shim.S.obj
                0x00000000100040f8                double2uint_shim
                0x00000000100040fa                double2ufix_shim
 *fill*         0x0000000010004106        0x2 
 .text.double2uint64_shim
                0x0000000010004108       0x70 CMakeFiles/motor_adc.dir/root/pico-sdk/src/rp2_common/pico_double/double_v1_rom_shim.S.obj
                0x0000000010004108                double2uint64_shim
                0x000000001000410a                double2ufix64_shim
                0x000000001000412a                d2fix_a
 .text.dunpacks
                0x0000000010004178       0x3c CMakeFiles/motor_adc.dir/root/pico-sdk/src/rp2_common/pico_double/double_v1_rom_shim.S.obj
                0x0000000010004178                dunpacks
 .text.__aeabi_lmul
                0x00000000100041b4       0x32 CMakeFiles/motor_adc.dir/root/pico-sdk/src/rp2_common/pico_int64_ops/pico_int64_ops_aeabi.S.obj
                0x00000000100041b4                __wrap___aeabi_lmul
 *fill*         0x00000000100041e6        0x2 
 .text.__aeabi_float_init
                0x00000000100041e8       0x64 CMakeFiles/motor_adc.dir/root/pico-sdk/src/rp2_common/pico_float/float_init_rom.c.obj
                0x00000000100041e8                __aeabi_float_init
 .text.float_table_shim_on_use_helper
                0x000000001000424c       0x2c CMakeFiles/motor_adc.dir/root/pico-sdk/src/rp2_common/pico_float/float_v1_rom_shim.S.obj
                0x000000001000424c                float_table_shim_on_use_helper
 .text          0x0000000010004278       0x10 CMakeFiles/motor_adc.dir/root/pico-sdk/src/rp2_common/pico_mem_ops/mem_ops_aeabi.S.obj
                0x0000000010004278                __aeabi_mem_init
 .text.memset   0x0000000010004288        0xc CMakeFiles/motor_adc.dir/root/pico-sdk/src/rp2_common/pico_mem_ops/mem_ops_aeabi.S.obj
                0x0000000010004288                __wrap_memset
 .text.memcpy   0x0000000010004294        0xc CMakeFiles/motor_adc.dir/root/pico-sdk/src/rp2_common/pico_mem_ops/mem_ops_aeabi.S.obj
                0x0000000010004294                __wrap___aeabi_memcpy
                0x0000000010004294                __wrap_memcpy
 .text.stdio_out_chars_no_crlf
                0x00000000100042a0       0x10 CMakeFiles/motor_adc.dir/root/pico-sdk/src/rp2_common/pico_stdio/stdio.c.obj
 .text.stdio_out_chars_crlf
                0x00000000100042b0       0xb4 CMakeFiles/motor_adc.dir/root/pico-sdk/src/rp2_common/pico_stdio/stdio.c.obj
 .text.stdio_buffered_printer
                0x0000000010004364       0x64 CMakeFiles/motor_adc.dir/root/pico-sdk/src/rp2_common/pico_stdio/stdio.c.obj
 .text.stdio_put_string.isra.0
                0x00000000100043c8       0xfc CMakeFiles/motor_adc.dir/root/pico-sdk/src/rp2_common/pico_stdio/stdio.c.obj
 .text.__wrap_putchar
                0x00000000100044c4       0x98 CMakeFiles/motor_adc.dir/root/pico-sdk/src/rp2_common/pico_stdio/stdio.c.obj
                0x00000000100044c4                __wrap_putchar
 .text.__wrap_puts
                0x000000001000455c       0x3c CMakeFiles/motor_adc.dir/root/pico-sdk/src/rp2_common/pico_stdio/stdio.c.obj
                0x000000001000455c                __wrap_puts
 .text.stdio_set_driver_enabled
                0x0000000010004598       0x30 CMakeFiles/motor_adc.dir/root/pico-sdk/src/rp2_common/pico_stdio/stdio.c.obj
                0x0000000010004598                stdio_set_driver_enabled
 .text.__wrap_vprintf
                0x00000000100045c8       0xd8 CMakeFiles/motor_adc.dir/root/pico-sdk/src/rp2_common/pico_stdio/stdio.c.obj
                0x00000000100045c8                __wrap_vprintf
 .text.__wrap_printf
                0x00000000100046a0       0x18 CMakeFiles/motor_adc.dir/root/pico-sdk/src/rp2_common/pico_stdio/stdio.c.obj
                0x00000000100046a0                __wrap_printf
 .text.stdio_init_all
                0x00000000100046b8        0x8 CMakeFiles/motor_adc.dir/root/pico-sdk/src/rp2_common/pico_stdio/stdio.c.obj
                0x00000000100046b8                stdio_init_all
 .text.resetd_init
                0x00000000100046c0        0x4 CMakeFiles/motor_adc.dir/root/pico-sdk/src/rp2_common/pico_stdio_usb/reset_interface.c.obj
 .text.resetd_reset
                0x00000000100046c4        0xc CMakeFiles/motor_adc.dir/root/pico-sdk/src/rp2_common/pico_stdio_usb/reset_interface.c.obj
 .text.resetd_open
                0x00000000100046d0       0x28 CMakeFiles/motor_adc.dir/root/pico-sdk/src/rp2_common/pico_stdio_usb/reset_interface.c.obj
 .text.resetd_xfer_cb
                0x00000000100046f8        0x4 CMakeFiles/motor_adc.dir/root/pico-sdk/src/rp2_common/pico_stdio_usb/reset_interface.c.obj
 .text.resetd_control_xfer_cb
                0x00000000100046fc       0x64 CMakeFiles/motor_adc.dir/root/pico-sdk/src/rp2_common/pico_stdio_usb/reset_interface.c.obj
 .text.usbd_app_driver_get_cb
                0x0000000010004760        0xc CMakeFiles/motor_adc.dir/root/pico-sdk/src/rp2_common/pico_stdio_usb/reset_interface.c.obj
                0x0000000010004760                usbd_app_driver_get_cb
 .text.tud_cdc_line_coding_cb
                0x000000001000476c       0x34 CMakeFiles/motor_adc.dir/root/pico-sdk/src/rp2_common/pico_stdio_usb/reset_interface.c.obj
                0x000000001000476c                tud_cdc_line_coding_cb
 .text.stdio_usb_set_chars_available_callback
                0x00000000100047a0       0x14 CMakeFiles/motor_adc.dir/root/pico-sdk/src/rp2_common/pico_stdio_usb/stdio_usb.c.obj
                0x00000000100047a0                stdio_usb_set_chars_available_callback
 .text.usb_irq  0x00000000100047b4       0x10 CMakeFiles/motor_adc.dir/root/pico-sdk/src/rp2_common/pico_stdio_usb/stdio_usb.c.obj
 .text.timer_task
                0x00000000100047c4       0x54 CMakeFiles/motor_adc.dir/root/pico-sdk/src/rp2_common/pico_stdio_usb/stdio_usb.c.obj
 .text.stdio_usb_in_chars
                0x0000000010004818       0x90 CMakeFiles/motor_adc.dir/root/pico-sdk/src/rp2_common/pico_stdio_usb/stdio_usb.c.obj
                0x0000000010004818                stdio_usb_in_chars
 .text.stdio_usb_out_chars
                0x00000000100048a8      0x100 CMakeFiles/motor_adc.dir/root/pico-sdk/src/rp2_common/pico_stdio_usb/stdio_usb.c.obj
 .text.low_priority_worker_irq
                0x00000000100049a8       0xa8 CMakeFiles/motor_adc.dir/root/pico-sdk/src/rp2_common/pico_stdio_usb/stdio_usb.c.obj
 .text.tud_cdc_rx_cb
                0x0000000010004a50       0x20 CMakeFiles/motor_adc.dir/root/pico-sdk/src/rp2_common/pico_stdio_usb/stdio_usb.c.obj
                0x0000000010004a50                tud_cdc_rx_cb
 .text.stdio_usb_init
                0x0000000010004a70       0xdc CMakeFiles/motor_adc.dir/root/pico-sdk/src/rp2_common/pico_stdio_usb/stdio_usb.c.obj
                0x0000000010004a70                stdio_usb_init
 .text.tud_descriptor_device_cb
                0x0000000010004b4c        0x8 CMakeFiles/motor_adc.dir/root/pico-sdk/src/rp2_common/pico_stdio_usb/stdio_usb_descriptors.c.obj
                0x0000000010004b4c                tud_descriptor_device_cb
 .text.tud_descriptor_configuration_cb
                0x0000000010004b54        0x8 CMakeFiles/motor_adc.dir/root/pico-sdk/src/rp2_common/pico_stdio_usb/stdio_usb_descriptors.c.obj
                0x0000000010004b54                tud_descriptor_configuration_cb
 .text.tud_descriptor_string_cb
                0x0000000010004b5c       0x74 CMakeFiles/motor_adc.dir/root/pico-sdk/src/rp2_common/pico_stdio_usb/stdio_usb_descriptors.c.obj
                0x0000000010004b5c                tud_descriptor_string_cb
 .text.startup._retrieve_unique_id_on_boot
                0x0000000010004bd0       0x10 CMakeFiles/motor_adc.dir/root/pico-sdk/src/rp2_common/pico_unique_id/unique_id.c.obj
 .text.pico_get_unique_board_id_string
                0x0000000010004be0      0x1a8 CMakeFiles/motor_adc.dir/root/pico-sdk/src/rp2_common/pico_unique_id/unique_id.c.obj
                0x0000000010004be0                pico_get_unique_board_id_string
 .text.flash_get_unique_id
                0x0000000010004d88       0x40 CMakeFiles/motor_adc.dir/root/pico-sdk/src/rp2_common/hardware_flash/flash.c.obj
                0x0000000010004d88                flash_get_unique_id
 .text.dcd_int_enable
                0x0000000010004dc8        0xc CMakeFiles/motor_adc.dir/root/pico-sdk/lib/tinyusb/src/portable/raspberrypi/rp2040/dcd_rp2040.c.obj
                0x0000000010004dc8                dcd_int_enable
 .text.dcd_set_address
                0x0000000010004dd4       0x14 CMakeFiles/motor_adc.dir/root/pico-sdk/lib/tinyusb/src/portable/raspberrypi/rp2040/dcd_rp2040.c.obj
                0x0000000010004dd4                dcd_set_address
 .text.dcd_connect
                0x0000000010004de8       0x10 CMakeFiles/motor_adc.dir/root/pico-sdk/lib/tinyusb/src/portable/raspberrypi/rp2040/dcd_rp2040.c.obj
                0x0000000010004de8                dcd_connect
 .text.dcd_init
                0x0000000010004df8       0x98 CMakeFiles/motor_adc.dir/root/pico-sdk/lib/tinyusb/src/portable/raspberrypi/rp2040/dcd_rp2040.c.obj
                0x0000000010004df8                dcd_init
 .text.dcd_edpt0_status_complete
                0x0000000010004e90       0x1c CMakeFiles/motor_adc.dir/root/pico-sdk/lib/tinyusb/src/portable/raspberrypi/rp2040/dcd_rp2040.c.obj
                0x0000000010004e90                dcd_edpt0_status_complete
 .text.dcd_edpt_open
                0x0000000010004eac      0x108 CMakeFiles/motor_adc.dir/root/pico-sdk/lib/tinyusb/src/portable/raspberrypi/rp2040/dcd_rp2040.c.obj
                0x0000000010004eac                dcd_edpt_open
 .text.dcd_edpt_close_all
                0x0000000010004fb4        0x8 CMakeFiles/motor_adc.dir/root/pico-sdk/lib/tinyusb/src/portable/raspberrypi/rp2040/dcd_rp2040.c.obj
                0x0000000010004fb4                dcd_edpt_close_all
 .text.dcd_edpt_xfer
                0x0000000010004fbc       0x24 CMakeFiles/motor_adc.dir/root/pico-sdk/lib/tinyusb/src/portable/raspberrypi/rp2040/dcd_rp2040.c.obj
                0x0000000010004fbc                dcd_edpt_xfer
 .text.dcd_edpt_stall
                0x0000000010004fe0       0x38 CMakeFiles/motor_adc.dir/root/pico-sdk/lib/tinyusb/src/portable/raspberrypi/rp2040/dcd_rp2040.c.obj
                0x0000000010004fe0                dcd_edpt_stall
 .text.dcd_edpt_clear_stall
                0x0000000010005018       0x30 CMakeFiles/motor_adc.dir/root/pico-sdk/lib/tinyusb/src/portable/raspberrypi/rp2040/dcd_rp2040.c.obj
                0x0000000010005018                dcd_edpt_clear_stall
 .text.rp2040_usb_init
                0x0000000010005048       0x4c CMakeFiles/motor_adc.dir/root/pico-sdk/lib/tinyusb/src/portable/raspberrypi/rp2040/rp2040_usb.c.obj
                0x0000000010005048                rp2040_usb_init
 .text.hw_endpoint_xfer_start
                0x0000000010005094       0x50 CMakeFiles/motor_adc.dir/root/pico-sdk/lib/tinyusb/src/portable/raspberrypi/rp2040/rp2040_usb.c.obj
                0x0000000010005094                hw_endpoint_xfer_start
 .text.tud_mounted
                0x00000000100050e4       0x10 CMakeFiles/motor_adc.dir/root/pico-sdk/lib/tinyusb/src/device/usbd.c.obj
                0x00000000100050e4                tud_mounted
 .text.tud_suspended
                0x00000000100050f4       0x10 CMakeFiles/motor_adc.dir/root/pico-sdk/lib/tinyusb/src/device/usbd.c.obj
                0x00000000100050f4                tud_suspended
 .text.tud_inited
                0x0000000010005104       0x14 CMakeFiles/motor_adc.dir/root/pico-sdk/lib/tinyusb/src/device/usbd.c.obj
                0x0000000010005104                tud_inited
 .text.tud_init
                0x0000000010005118       0xe4 CMakeFiles/motor_adc.dir/root/pico-sdk/lib/tinyusb/src/device/usbd.c.obj
                0x0000000010005118                tud_init
 .text.tud_task_ext
                0x00000000100051fc      0x854 CMakeFiles/motor_adc.dir/root/pico-sdk/lib/tinyusb/src/device/usbd.c.obj
                0x00000000100051fc                tud_task_ext
 .text.usbd_open_edpt_pair
                0x0000000010005a50       0x9c CMakeFiles/motor_adc.dir/root/pico-sdk/lib/tinyusb/src/device/usbd.c.obj
                0x0000000010005a50                usbd_open_edpt_pair
 .text.usbd_defer_func
                0x0000000010005aec       0x48 CMakeFiles/motor_adc.dir/root/pico-sdk/lib/tinyusb/src/device/usbd.c.obj
                0x0000000010005aec                usbd_defer_func
 .text.usbd_edpt_open
                0x0000000010005b34       0x34 CMakeFiles/motor_adc.dir/root/pico-sdk/lib/tinyusb/src/device/usbd.c.obj
                0x0000000010005b34                usbd_edpt_open
 .text.usbd_edpt_claim
                0x0000000010005b68       0x28 CMakeFiles/motor_adc.dir/root/pico-sdk/lib/tinyusb/src/device/usbd.c.obj
                0x0000000010005b68                usbd_edpt_claim
 .text.usbd_edpt_release
                0x0000000010005b90       0x28 CMakeFiles/motor_adc.dir/root/pico-sdk/lib/tinyusb/src/device/usbd.c.obj
                0x0000000010005b90                usbd_edpt_release
 .text.usbd_edpt_xfer
                0x0000000010005bb8       0x4c CMakeFiles/motor_adc.dir/root/pico-sdk/lib/tinyusb/src/device/usbd.c.obj
                0x0000000010005bb8                usbd_edpt_xfer
 .text.tud_control_status
                0x0000000010005c04       0x30 CMakeFiles/motor_adc.dir/root/pico-sdk/lib/tinyusb/src/device/usbd_control.c.obj
                0x0000000010005c04                tud_control_status
 .text.tud_control_xfer
                0x0000000010005c34       0xbc CMakeFiles/motor_adc.dir/root/pico-sdk/lib/tinyusb/src/device/usbd_control.c.obj
                0x0000000010005c34                tud_control_xfer
 .text.usbd_control_reset
                0x0000000010005cf0       0x14 CMakeFiles/motor_adc.dir/root/pico-sdk/lib/tinyusb/src/device/usbd_control.c.obj
                0x0000000010005cf0                usbd_control_reset
 .text.usbd_control_set_complete_callback
                0x0000000010005d04        0xc CMakeFiles/motor_adc.dir/root/pico-sdk/lib/tinyusb/src/device/usbd_control.c.obj
                0x0000000010005d04                usbd_control_set_complete_callback
 .text.usbd_control_set_request
                0x0000000010005d10       0x1c CMakeFiles/motor_adc.dir/root/pico-sdk/lib/tinyusb/src/device/usbd_control.c.obj
                0x0000000010005d10                usbd_control_set_request
 .text.usbd_control_xfer_cb
                0x0000000010005d2c       0xfc CMakeFiles/motor_adc.dir/root/pico-sdk/lib/tinyusb/src/device/usbd_control.c.obj
                0x0000000010005d2c                usbd_control_xfer_cb
 .text.tud_cdc_n_connected
                0x0000000010005e28       0x30 CMakeFiles/motor_adc.dir/root/pico-sdk/lib/tinyusb/src/class/cdc/cdc_device.c.obj
                0x0000000010005e28                tud_cdc_n_connected
 .text.tud_cdc_n_available
                0x0000000010005e58       0x18 CMakeFiles/motor_adc.dir/root/pico-sdk/lib/tinyusb/src/class/cdc/cdc_device.c.obj
                0x0000000010005e58                tud_cdc_n_available
 .text.tud_cdc_n_read
                0x0000000010005e70       0x70 CMakeFiles/motor_adc.dir/root/pico-sdk/lib/tinyusb/src/class/cdc/cdc_device.c.obj
                0x0000000010005e70                tud_cdc_n_read
 .text.tud_cdc_n_write_flush
                0x0000000010005ee0       0x78 CMakeFiles/motor_adc.dir/root/pico-sdk/lib/tinyusb/src/class/cdc/cdc_device.c.obj
                0x0000000010005ee0                tud_cdc_n_write_flush
 .text.tud_cdc_n_write
                0x0000000010005f58       0x34 CMakeFiles/motor_adc.dir/root/pico-sdk/lib/tinyusb/src/class/cdc/cdc_device.c.obj
                0x0000000010005f58                tud_cdc_n_write
 .text.tud_cdc_n_write_available
                0x0000000010005f8c       0x18 CMakeFiles/motor_adc.dir/root/pico-sdk/lib/tinyusb/src/class/cdc/cdc_device.c.obj
                0x0000000010005f8c                tud_cdc_n_write_available
 .text.cdcd_init
                0x0000000010005fa4       0x7c CMakeFiles/motor_adc.dir/root/pico-sdk/lib/tinyusb/src/class/cdc/cdc_device.c.obj
                0x0000000010005fa4                cdcd_init
 .text.cdcd_reset
                0x0000000010006020       0x2c CMakeFiles/motor_adc.dir/root/pico-sdk/lib/tinyusb/src/class/cdc/cdc_device.c.obj
                0x0000000010006020                cdcd_reset
 .text.cdcd_open
                0x000000001000604c       0xe8 CMakeFiles/motor_adc.dir/root/pico-sdk/lib/tinyusb/src/class/cdc/cdc_device.c.obj
                0x000000001000604c                cdcd_open
 .text.cdcd_control_xfer_cb
                0x0000000010006134       0xe4 CMakeFiles/motor_adc.dir/root/pico-sdk/lib/tinyusb/src/class/cdc/cdc_device.c.obj
                0x0000000010006134                cdcd_control_xfer_cb
 .text.cdcd_xfer_cb
                0x0000000010006218      0x148 CMakeFiles/motor_adc.dir/root/pico-sdk/lib/tinyusb/src/class/cdc/cdc_device.c.obj
                0x0000000010006218                cdcd_xfer_cb
 .text.tusb_init
                0x0000000010006360        0xc CMakeFiles/motor_adc.dir/root/pico-sdk/lib/tinyusb/src/tusb.c.obj
                0x0000000010006360                tusb_init
 .text.tusb_inited
                0x000000001000636c        0x8 CMakeFiles/motor_adc.dir/root/pico-sdk/lib/tinyusb/src/tusb.c.obj
                0x000000001000636c                tusb_inited
 .text.tu_edpt_claim
                0x0000000010006374       0x50 CMakeFiles/motor_adc.dir/root/pico-sdk/lib/tinyusb/src/tusb.c.obj
                0x0000000010006374                tu_edpt_claim
 .text.tu_edpt_release
                0x00000000100063c4       0x38 CMakeFiles/motor_adc.dir/root/pico-sdk/lib/tinyusb/src/tusb.c.obj
                0x00000000100063c4                tu_edpt_release
 .text.tu_edpt_validate
                0x00000000100063fc       0x78 CMakeFiles/motor_adc.dir/root/pico-sdk/lib/tinyusb/src/tusb.c.obj
                0x00000000100063fc                tu_edpt_validate
 .text.tu_edpt_bind_driver
                0x0000000010006474       0x34 CMakeFiles/motor_adc.dir/root/pico-sdk/lib/tinyusb/src/tusb.c.obj
                0x0000000010006474                tu_edpt_bind_driver
 .text.tu_fifo_config
                0x00000000100064a8       0x70 CMakeFiles/motor_adc.dir/root/pico-sdk/lib/tinyusb/src/common/tusb_fifo.c.obj
                0x00000000100064a8                tu_fifo_config
 .text.tu_fifo_count
                0x0000000010006518       0x2c CMakeFiles/motor_adc.dir/root/pico-sdk/lib/tinyusb/src/common/tusb_fifo.c.obj
                0x0000000010006518                tu_fifo_count
 .text.tu_fifo_empty
                0x0000000010006544       0x10 CMakeFiles/motor_adc.dir/root/pico-sdk/lib/tinyusb/src/common/tusb_fifo.c.obj
                0x0000000010006544                tu_fifo_empty
 .text.tu_fifo_remaining
                0x0000000010006554       0x2c CMakeFiles/motor_adc.dir/root/pico-sdk/lib/tinyusb/src/common/tusb_fifo.c.obj
                0x0000000010006554                tu_fifo_remaining
 .text.tu_fifo_read
                0x0000000010006580       0xa0 CMakeFiles/motor_adc.dir/root/pico-sdk/lib/tinyusb/src/common/tusb_fifo.c.obj
                0x0000000010006580                tu_fifo_read
 .text.tu_fifo_read_n
                0x0000000010006620       0xec CMakeFiles/motor_adc.dir/root/pico-sdk/lib/tinyusb/src/common/tusb_fifo.c.obj
                0x0000000010006620                tu_fifo_read_n
 .text.tu_fifo_write
                0x000000001000670c       0x88 CMakeFiles/motor_adc.dir/root/pico-sdk/lib/tinyusb/src/common/tusb_fifo.c.obj
                0x000000001000670c                tu_fifo_write
 .text.tu_fifo_write_n
                0x0000000010006794      0x168 CMakeFiles/motor_adc.dir/root/pico-sdk/lib/tinyusb/src/common/tusb_fifo.c.obj
                0x0000000010006794                tu_fifo_write_n
 .text.tu_fifo_clear
                0x00000000100068fc       0x40 CMakeFiles/motor_adc.dir/root/pico-sdk/lib/tinyusb/src/common/tusb_fifo.c.obj
                0x00000000100068fc                tu_fifo_clear
 .text.tu_fifo_set_overwritable
                0x000000001000693c       0x48 CMakeFiles/motor_adc.dir/root/pico-sdk/lib/tinyusb/src/common/tusb_fifo.c.obj
                0x000000001000693c                tu_fifo_set_overwritable
 .text.adc_init
                0x0000000010006984       0x38 CMakeFiles/motor_adc.dir/root/pico-sdk/src/rp2_common/hardware_adc/adc.c.obj
                0x0000000010006984                adc_init
 .text          0x00000000100069bc       0x5c /usr/lib/gcc/arm-none-eabi/10.3.1/../../../arm-none-eabi/lib/thumb/v6-m/nofp/libc.a(lib_a-strlen-stub.o)
                0x00000000100069bc                strlen
 *(.fini)
 .fini          0x0000000010006a18        0x4 /usr/lib/gcc/arm-none-eabi/10.3.1/thumb/v6-m/nofp/crti.o
                0x0000000010006a18                _fini
 *fill*         0x0000000010006a1c        0x4 
 .fini.__stub   0x0000000010006a20       0xd0 linker stubs
 *crtbegin.o(.ctors)
 *crtbegin?.o(.ctors)
 *(EXCLUDE_FILE(*crtend.o *crtend?.o) .ctors)
 *(SORT_BY_NAME(.ctors.*))
 *(.ctors)
 *crtbegin.o(.dtors)
 *crtbegin?.o(.dtors)
 *(EXCLUDE_FILE(*crtend.o *crtend?.o) .dtors)
 *(SORT_BY_NAME(.dtors.*))
 *(.dtors)
 *(.eh_frame*)
 .eh_frame      0x0000000010006af0        0x0 /usr/lib/gcc/arm-none-eabi/10.3.1/thumb/v6-m/nofp/crtbegin.o
                0x0000000010006af0                . = ALIGN (0x4)

.glue_7         0x0000000010006af0        0x0
 .glue_7        0x0000000010006af0        0x0 linker stubs

.glue_7t        0x0000000010006af0        0x0
 .glue_7t       0x0000000010006af0        0x0 linker stubs

.vfp11_veneer   0x0000000010006af0        0x0
 .vfp11_veneer  0x0000000010006af0        0x0 linker stubs

.v4_bx          0x0000000010006af0        0x0
 .v4_bx         0x0000000010006af0        0x0 linker stubs

.iplt           0x0000000010006af0        0x0
 .iplt          0x0000000010006af0        0x0 /usr/lib/gcc/arm-none-eabi/10.3.1/thumb/v6-m/nofp/crtbegin.o

.rodata         0x0000000010006af0      0x538
 *(EXCLUDE_FILE(*libm.a: *libc.a:*lib_a-mem*.o *libgcc.a:) .rodata*)
 .rodata.main.str1.4
                0x0000000010006af0       0x1c CMakeFiles/motor_adc.dir/motor_adc.c.obj
 .rodata.spin_lock_claim_unused.str1.4
                0x0000000010006b0c       0x1b CMakeFiles/motor_adc.dir/root/pico-sdk/src/rp2_common/hardware_sync/sync.c.obj
 *fill*         0x0000000010006b27        0x1 
 .rodata.user_irq_claim_unused.str1.4
                0x0000000010006b28       0x1b CMakeFiles/motor_adc.dir/root/pico-sdk/src/rp2_common/hardware_irq/irq.c.obj
 *fill*         0x0000000010006b43        0x1 
 .rodata.hardware_alarm_claim.str1.4
                0x0000000010006b44       0x22 CMakeFiles/motor_adc.dir/root/pico-sdk/src/rp2_common/hardware_timer/timer.c.obj
 *fill*         0x0000000010006b66        0x2 
 .rodata.panic.str1.4
                0x0000000010006b68       0x12 CMakeFiles/motor_adc.dir/root/pico-sdk/src/rp2_common/pico_runtime/runtime.c.obj
 *fill*         0x0000000010006b7a        0x2 
 .rodata.hard_assertion_failure.str1.4
                0x0000000010006b7c        0xc CMakeFiles/motor_adc.dir/root/pico-sdk/src/rp2_common/pico_runtime/runtime.c.obj
 .rodata._ftoa.str1.4
                0x0000000010006b88       0x15 CMakeFiles/motor_adc.dir/root/pico-sdk/src/rp2_common/pico_printf/printf.c.obj
 *fill*         0x0000000010006b9d        0x3 
 .rodata._vsnprintf
                0x0000000010006ba0      0x1e0 CMakeFiles/motor_adc.dir/root/pico-sdk/src/rp2_common/pico_printf/printf.c.obj
 .rodata.pow10.0
                0x0000000010006d80       0x50 CMakeFiles/motor_adc.dir/root/pico-sdk/src/rp2_common/pico_printf/printf.c.obj
 .rodata.str1.4
                0x0000000010006dd0       0x40 CMakeFiles/motor_adc.dir/root/pico-sdk/src/rp2_common/pico_standard_link/binary_info.c.obj
 .rodata.__bi_44
                0x0000000010006e10        0xc CMakeFiles/motor_adc.dir/root/pico-sdk/src/rp2_common/pico_standard_link/binary_info.c.obj
 .rodata.__bi_75
                0x0000000010006e1c        0xc CMakeFiles/motor_adc.dir/root/pico-sdk/src/rp2_common/pico_standard_link/binary_info.c.obj
 .rodata.__bi_81
                0x0000000010006e28        0xc CMakeFiles/motor_adc.dir/root/pico-sdk/src/rp2_common/pico_standard_link/binary_info.c.obj
 .rodata.crlf_str.0
                0x0000000010006e34        0x2 CMakeFiles/motor_adc.dir/root/pico-sdk/src/rp2_common/pico_stdio/stdio.c.obj
 *fill*         0x0000000010006e36        0x2 
 .rodata._resetd_driver
                0x0000000010006e38       0x18 CMakeFiles/motor_adc.dir/root/pico-sdk/src/rp2_common/pico_stdio_usb/reset_interface.c.obj
 .rodata.str1.4
                0x0000000010006e50       0x13 CMakeFiles/motor_adc.dir/root/pico-sdk/src/rp2_common/pico_stdio_usb/stdio_usb.c.obj
 *fill*         0x0000000010006e63        0x1 
 .rodata.__bi_188.0
                0x0000000010006e64        0xc CMakeFiles/motor_adc.dir/root/pico-sdk/src/rp2_common/pico_stdio_usb/stdio_usb.c.obj
 .rodata.str1.4
                0x0000000010006e70       0x2a CMakeFiles/motor_adc.dir/root/pico-sdk/src/rp2_common/pico_stdio_usb/stdio_usb_descriptors.c.obj
 *fill*         0x0000000010006e9a        0x2 
 .rodata.usbd_desc_cfg
                0x0000000010006e9c       0x54 CMakeFiles/motor_adc.dir/root/pico-sdk/src/rp2_common/pico_stdio_usb/stdio_usb_descriptors.c.obj
 .rodata.usbd_desc_device
                0x0000000010006ef0       0x12 CMakeFiles/motor_adc.dir/root/pico-sdk/src/rp2_common/pico_stdio_usb/stdio_usb_descriptors.c.obj
 *fill*         0x0000000010006f02        0x2 
 .rodata.usbd_desc_str
                0x0000000010006f04       0x18 CMakeFiles/motor_adc.dir/root/pico-sdk/src/rp2_common/pico_stdio_usb/stdio_usb_descriptors.c.obj
 .rodata.str1.4
                0x0000000010006f1c       0x14 CMakeFiles/motor_adc.dir/root/pico-sdk/lib/tinyusb/src/portable/raspberrypi/rp2040/dcd_rp2040.c.obj
 .rodata.str1.4
                0x0000000010006f30       0x53 CMakeFiles/motor_adc.dir/root/pico-sdk/lib/tinyusb/src/portable/raspberrypi/rp2040/rp2040_usb.c.obj
 *fill*         0x0000000010006f83        0x1 
 .rodata.tud_task_ext
                0x0000000010006f84       0x8c CMakeFiles/motor_adc.dir/root/pico-sdk/lib/tinyusb/src/device/usbd.c.obj
 .rodata._usbd_driver
                0x0000000010007010       0x18 CMakeFiles/motor_adc.dir/root/pico-sdk/lib/tinyusb/src/device/usbd.c.obj
                0x0000000010007028                . = ALIGN (0x4)
 *(SORT_BY_ALIGNMENT(SORT_BY_NAME(.flashdata*)))
                0x0000000010007028                . = ALIGN (0x4)

.rel.dyn        0x0000000010007028        0x0
 .rel.iplt      0x0000000010007028        0x0 /usr/lib/gcc/arm-none-eabi/10.3.1/thumb/v6-m/nofp/crtbegin.o

.ARM.extab
 *(.ARM.extab* .gnu.linkonce.armextab.*)
                0x0000000010007028                __exidx_start = .

.ARM.exidx
 *(.ARM.exidx* .gnu.linkonce.armexidx.*)
                0x0000000010007028                __exidx_end = .
                0x0000000010007028                . = ALIGN (0x4)
                0x0000000010007028                __binary_info_start = .

.binary_info    0x0000000010007028       0x20
 *(.binary_info.keep.*)
 .binary_info.keep.__bi_ptr22
                0x0000000010007028        0x4 CMakeFiles/motor_adc.dir/root/pico-sdk/src/rp2_common/pico_standard_link/binary_info.c.obj
 .binary_info.keep.__bi_ptr30
                0x000000001000702c        0x4 CMakeFiles/motor_adc.dir/root/pico-sdk/src/rp2_common/pico_standard_link/binary_info.c.obj
 .binary_info.keep.__bi_ptr38
                0x0000000010007030        0x4 CMakeFiles/motor_adc.dir/root/pico-sdk/src/rp2_common/pico_standard_link/binary_info.c.obj
 .binary_info.keep.__bi_ptr44
                0x0000000010007034        0x4 CMakeFiles/motor_adc.dir/root/pico-sdk/src/rp2_common/pico_standard_link/binary_info.c.obj
 .binary_info.keep.__bi_ptr50
                0x0000000010007038        0x4 CMakeFiles/motor_adc.dir/root/pico-sdk/src/rp2_common/pico_standard_link/binary_info.c.obj
 .binary_info.keep.__bi_ptr75
                0x000000001000703c        0x4 CMakeFiles/motor_adc.dir/root/pico-sdk/src/rp2_common/pico_standard_link/binary_info.c.obj
 .binary_info.keep.__bi_ptr81
                0x0000000010007040        0x4 CMakeFiles/motor_adc.dir/root/pico-sdk/src/rp2_common/pico_standard_link/binary_info.c.obj
 *(.binary_info.*)
 .binary_info.__bi_ptr188
                0x0000000010007044        0x4 CMakeFiles/motor_adc.dir/root/pico-sdk/src/rp2_common/pico_stdio_usb/stdio_usb.c.obj
                0x0000000010007048                __binary_info_end = .
                0x0000000010007048                . = ALIGN (0x4)
                0x0000000010007048                __etext = .

.ram_vector_table
                0x0000000020000000       0xc0
 *(.ram_vector_table)
 .ram_vector_table
                0x0000000020000000       0xc0 CMakeFiles/motor_adc.dir/root/pico-sdk/src/rp2_common/pico_runtime/runtime.c.obj
                0x0000000020000000                ram_vector_table

.data           0x00000000200000c0      0xe50 load address 0x0000000010007048
                0x00000000200000c0                __data_start__ = .
 *(vtable)
 *(.time_critical*)
 .time_critical.mutex_try_enter
                0x00000000200000c0       0x44 CMakeFiles/motor_adc.dir/root/pico-sdk/src/common/pico_sync/mutex.c.obj
                0x00000000200000c0                mutex_try_enter
 .time_critical.mutex_try_enter_block_until
                0x0000000020000104       0x9c CMakeFiles/motor_adc.dir/root/pico-sdk/src/common/pico_sync/mutex.c.obj
                0x0000000020000104                mutex_try_enter_block_until
 .time_critical.mutex_enter_timeout_ms
                0x00000000200001a0       0x90 CMakeFiles/motor_adc.dir/root/pico-sdk/src/common/pico_sync/mutex.c.obj
                0x00000000200001a0                mutex_enter_timeout_ms
 .time_critical.mutex_exit
                0x0000000020000230       0x28 CMakeFiles/motor_adc.dir/root/pico-sdk/src/common/pico_sync/mutex.c.obj
                0x0000000020000230                mutex_exit
 .time_critical.flash_init_boot2_copyout
                0x0000000020000258       0x30 CMakeFiles/motor_adc.dir/root/pico-sdk/src/rp2_common/hardware_flash/flash.c.obj
 .time_critical.flash_enable_xip_via_boot2
                0x0000000020000288       0x10 CMakeFiles/motor_adc.dir/root/pico-sdk/src/rp2_common/hardware_flash/flash.c.obj
 .time_critical.flash_cs_force
                0x0000000020000298       0x38 CMakeFiles/motor_adc.dir/root/pico-sdk/src/rp2_common/hardware_flash/flash.c.obj
 .time_critical.flash_do_cmd
                0x00000000200002d0       0xc4 CMakeFiles/motor_adc.dir/root/pico-sdk/src/rp2_common/hardware_flash/flash.c.obj
                0x00000000200002d0                flash_do_cmd
 .time_critical.reset_non_control_endpoints
                0x0000000020000394       0xbc CMakeFiles/motor_adc.dir/root/pico-sdk/lib/tinyusb/src/portable/raspberrypi/rp2040/dcd_rp2040.c.obj
 .time_critical.hw_handle_buff_status
                0x0000000020000450       0xa8 CMakeFiles/motor_adc.dir/root/pico-sdk/lib/tinyusb/src/portable/raspberrypi/rp2040/dcd_rp2040.c.obj
 .time_critical.dcd_rp2040_irq
                0x00000000200004f8      0x4d8 CMakeFiles/motor_adc.dir/root/pico-sdk/lib/tinyusb/src/portable/raspberrypi/rp2040/dcd_rp2040.c.obj
 .time_critical.e15_is_bulkin_ep
                0x00000000200009d0       0x28 CMakeFiles/motor_adc.dir/root/pico-sdk/lib/tinyusb/src/portable/raspberrypi/rp2040/rp2040_usb.c.obj
 .time_critical.e15_is_critical_frame_period
                0x00000000200009f8       0x34 CMakeFiles/motor_adc.dir/root/pico-sdk/lib/tinyusb/src/portable/raspberrypi/rp2040/rp2040_usb.c.obj
 .time_critical.prepare_ep_buffer
                0x0000000020000a2c       0x70 CMakeFiles/motor_adc.dir/root/pico-sdk/lib/tinyusb/src/portable/raspberrypi/rp2040/rp2040_usb.c.obj
 .time_critical.sync_ep_buffer
                0x0000000020000a9c       0x4c CMakeFiles/motor_adc.dir/root/pico-sdk/lib/tinyusb/src/portable/raspberrypi/rp2040/rp2040_usb.c.obj
 .time_critical._hw_endpoint_xfer_sync
                0x0000000020000ae8       0x28 CMakeFiles/motor_adc.dir/root/pico-sdk/lib/tinyusb/src/portable/raspberrypi/rp2040/rp2040_usb.c.obj
 .time_critical.hw_endpoint_reset_transfer
                0x0000000020000b10        0xc CMakeFiles/motor_adc.dir/root/pico-sdk/lib/tinyusb/src/portable/raspberrypi/rp2040/rp2040_usb.c.obj
                0x0000000020000b10                hw_endpoint_reset_transfer
 .time_critical._hw_endpoint_buffer_control_update32
                0x0000000020000b1c       0x58 CMakeFiles/motor_adc.dir/root/pico-sdk/lib/tinyusb/src/portable/raspberrypi/rp2040/rp2040_usb.c.obj
                0x0000000020000b1c                _hw_endpoint_buffer_control_update32
 .time_critical.hw_endpoint_start_next_buffer
                0x0000000020000b74       0x6c CMakeFiles/motor_adc.dir/root/pico-sdk/lib/tinyusb/src/portable/raspberrypi/rp2040/rp2040_usb.c.obj
                0x0000000020000b74                hw_endpoint_start_next_buffer
 .time_critical.hw_endpoint_xfer_continue
                0x0000000020000be0       0x50 CMakeFiles/motor_adc.dir/root/pico-sdk/lib/tinyusb/src/portable/raspberrypi/rp2040/rp2040_usb.c.obj
                0x0000000020000be0                hw_endpoint_xfer_continue
 .time_critical.tinyusb
                0x0000000020000c30      0x170 CMakeFiles/motor_adc.dir/root/pico-sdk/lib/tinyusb/src/device/usbd.c.obj
                0x0000000020000c30                dcd_event_handler
 *(.text*)
 .text          0x0000000020000da0        0x4 /usr/lib/gcc/arm-none-eabi/10.3.1/thumb/v6-m/nofp/libgcc.a(_dvmd_tls.o)
                0x0000000020000da0                __aeabi_ldiv0
                0x0000000020000da0                __aeabi_idiv0
 *fill*         0x0000000020000da4        0x4 
 .text.__stub   0x0000000020000da8       0x70 linker stubs
                0x0000000020000e18                . = ALIGN (0x4)
 *(.rodata*)
                0x0000000020000e18                . = ALIGN (0x4)
 *(.data*)
 .data.striped_spin_lock_num
                0x0000000020000e18        0x1 CMakeFiles/motor_adc.dir/root/pico-sdk/src/rp2_common/hardware_sync/sync.c.obj
 *fill*         0x0000000020000e19        0x3 
 .data          0x0000000020000e1c       0x48 CMakeFiles/motor_adc.dir/root/pico-sdk/src/rp2_common/hardware_irq/irq_handler_chain.S.obj
                0x0000000020000e1c                irq_handler_chain_slots
                0x0000000020000e4c                irq_handler_chain_first_slot
                0x0000000020000e56                irq_handler_chain_remove_tail
 .data.default_alarm_pool
                0x0000000020000e64       0x18 CMakeFiles/motor_adc.dir/root/pico-sdk/src/common/pico_time/time.c.obj
 .data.default_alarm_pool_heap
                0x0000000020000e7c       0x10 CMakeFiles/motor_adc.dir/root/pico-sdk/src/common/pico_time/time.c.obj
 *fill*         0x0000000020000e8c        0x4 
 .data.aeabi_bits_funcs
                0x0000000020000e90       0x10 CMakeFiles/motor_adc.dir/root/pico-sdk/src/rp2_common/pico_bit_ops/bit_ops_aeabi.S.obj
                0x0000000020000e90                aeabi_bits_funcs
                0x0000000020000ea0                aeabi_bits_funcs_end
 .data.aeabi_mem_funcs
                0x0000000020000ea0       0x10 CMakeFiles/motor_adc.dir/root/pico-sdk/src/rp2_common/pico_mem_ops/mem_ops_aeabi.S.obj
                0x0000000020000ea0                aeabi_mem_funcs
                0x0000000020000eb0                aeabi_mem_funcs_end
 .data.stdio_usb
                0x0000000020000eb0       0x18 CMakeFiles/motor_adc.dir/root/pico-sdk/src/rp2_common/pico_stdio_usb/stdio_usb.c.obj
                0x0000000020000eb0                stdio_usb
 .data.ep_dir_string
                0x0000000020000ec8        0x8 CMakeFiles/motor_adc.dir/root/pico-sdk/lib/tinyusb/src/portable/raspberrypi/rp2040/rp2040_usb.c.obj
                0x0000000020000ec8                ep_dir_string
 .data._usbd_qdef
                0x0000000020000ed0       0x1c CMakeFiles/motor_adc.dir/root/pico-sdk/lib/tinyusb/src/device/usbd.c.obj
                0x0000000020000ed0                _usbd_qdef
 .data._usbd_rhport
                0x0000000020000eec        0x1 CMakeFiles/motor_adc.dir/root/pico-sdk/lib/tinyusb/src/device/usbd.c.obj
                0x0000000020000ef0                . = ALIGN (0x4)
 *fill*         0x0000000020000eed        0x3 
 *(.after_data.*)
                0x0000000020000ef0                . = ALIGN (0x4)
                0x0000000020000ef0                PROVIDE (__mutex_array_start = .)
 *(SORT_BY_NAME(.mutex_array.*))
 *(.mutex_array)
 .mutex_array   0x0000000020000ef0        0x8 CMakeFiles/motor_adc.dir/root/pico-sdk/src/rp2_common/pico_stdio/stdio.c.obj
                0x0000000020000ef8                PROVIDE (__mutex_array_end = .)
                0x0000000020000ef8                . = ALIGN (0x4)
                0x0000000020000ef8                PROVIDE (__preinit_array_start = .)
 *(SORT_BY_NAME(.preinit_array.*))
 .preinit_array.00001
                0x0000000020000ef8        0x4 CMakeFiles/motor_adc.dir/root/pico-sdk/src/rp2_common/pico_mem_ops/mem_ops_aeabi.S.obj
 .preinit_array.00010
                0x0000000020000efc        0x4 CMakeFiles/motor_adc.dir/root/pico-sdk/src/rp2_common/pico_bit_ops/bit_ops_aeabi.S.obj
 .preinit_array.00020
                0x0000000020000f00        0x4 CMakeFiles/motor_adc.dir/root/pico-sdk/src/rp2_common/pico_double/double_aeabi.S.obj
 .preinit_array.00020
                0x0000000020000f04        0x4 CMakeFiles/motor_adc.dir/root/pico-sdk/src/rp2_common/pico_float/float_aeabi.S.obj
 *(.preinit_array)
                0x0000000020000f08                PROVIDE (__preinit_array_end = .)
                0x0000000020000f08                . = ALIGN (0x4)
                0x0000000020000f08                PROVIDE (__init_array_start = .)
 *(SORT_BY_NAME(.init_array.*))
 *(.init_array)
 .init_array    0x0000000020000f08        0x4 /usr/lib/gcc/arm-none-eabi/10.3.1/thumb/v6-m/nofp/crtbegin.o
 .init_array    0x0000000020000f0c        0x4 CMakeFiles/motor_adc.dir/root/pico-sdk/src/rp2_common/pico_unique_id/unique_id.c.obj
                0x0000000020000f10                PROVIDE (__init_array_end = .)
                0x0000000020000f10                . = ALIGN (0x4)
                0x0000000020000f10                PROVIDE (__fini_array_start = .)
 *(SORT_BY_NAME(.fini_array.*))
 *(.fini_array)
                0x0000000020000f10                PROVIDE (__fini_array_end = .)
 *(.jcr)
                0x0000000020000f10                . = ALIGN (0x4)
                0x0000000020000f10                __data_end__ = .

.tm_clone_table
                0x0000000020000f10        0x0 load address 0x0000000010007e98
 .tm_clone_table
                0x0000000020000f10        0x0 /usr/lib/gcc/arm-none-eabi/10.3.1/thumb/v6-m/nofp/crtbegin.o
 .tm_clone_table
                0x0000000020000f10        0x0 /usr/lib/gcc/arm-none-eabi/10.3.1/thumb/v6-m/nofp/crtend.o

.igot.plt       0x0000000020000f10        0x0 load address 0x0000000010007e98
 .igot.plt      0x0000000020000f10        0x0 /usr/lib/gcc/arm-none-eabi/10.3.1/thumb/v6-m/nofp/crtbegin.o

.uninitialized_data
                0x0000000020000f10        0x0 load address 0x0000000010007e98
                0x0000000020000f10                . = ALIGN (0x4)
 *(.uninitialized_data*)

.scratch_x      0x0000000020040000        0x0 load address 0x0000000010007e98
                0x0000000020040000                __scratch_x_start__ = .
 *(.scratch_x.*)
                0x0000000020040000                . = ALIGN (0x4)
                0x0000000020040000                __scratch_x_end__ = .
                0x0000000010007e98                __scratch_x_source__ = LOADADDR (.scratch_x)

.scratch_y      0x0000000020041000        0x0 load address 0x0000000010007e98
                0x0000000020041000                __scratch_y_start__ = .
 *(.scratch_y.*)
                0x0000000020041000                . = ALIGN (0x4)
                0x0000000020041000                __scratch_y_end__ = .
                0x0000000010007e98                __scratch_y_source__ = LOADADDR (.scratch_y)

.bss            0x0000000020000f10      0xd88
                0x0000000020000f10                . = ALIGN (0x4)
                0x0000000020000f10                __bss_start__ = .
 *(SORT_BY_ALIGNMENT(SORT_BY_NAME(.bss*)))
 .bss.default_alarm_pool_entries
                0x0000000020000f10      0x100 CMakeFiles/motor_adc.dir/root/pico-sdk/src/common/pico_time/time.c.obj
 .bss.last_avail_time.1
                0x0000000020001010        0x8 CMakeFiles/motor_adc.dir/root/pico-sdk/src/rp2_common/pico_stdio_usb/stdio_usb.c.obj
 .bss.sd_table  0x0000000020001018      0x100 CMakeFiles/motor_adc.dir/root/pico-sdk/src/rp2_common/pico_double/double_init_rom.c.obj
                0x0000000020001018                sd_table
 .bss.sf_table  0x0000000020001118      0x100 CMakeFiles/motor_adc.dir/root/pico-sdk/src/rp2_common/pico_float/float_init_rom.c.obj
                0x0000000020001118                sf_table
 .bss           0x0000000020001218       0x1c /usr/lib/gcc/arm-none-eabi/10.3.1/thumb/v6-m/nofp/crtbegin.o
 .bss._app_driver
                0x0000000020001234        0x4 CMakeFiles/motor_adc.dir/root/pico-sdk/lib/tinyusb/src/device/usbd.c.obj
 .bss._cdcd_itf
                0x0000000020001238      0x2c8 CMakeFiles/motor_adc.dir/root/pico-sdk/lib/tinyusb/src/class/cdc/cdc_device.c.obj
 .bss._ctrl_xfer
                0x0000000020001500       0x14 CMakeFiles/motor_adc.dir/root/pico-sdk/lib/tinyusb/src/device/usbd_control.c.obj
 .bss._ubsd_mutexdef
                0x0000000020001514        0x8 CMakeFiles/motor_adc.dir/root/pico-sdk/lib/tinyusb/src/device/usbd.c.obj
 .bss._usbd_ctrl_buf
                0x000000002000151c       0x40 CMakeFiles/motor_adc.dir/root/pico-sdk/lib/tinyusb/src/device/usbd_control.c.obj
 .bss._usbd_dev
                0x000000002000155c       0x53 CMakeFiles/motor_adc.dir/root/pico-sdk/lib/tinyusb/src/device/usbd.c.obj
 *fill*         0x00000000200015af        0x1 
 .bss._usbd_mutex
                0x00000000200015b0        0x4 CMakeFiles/motor_adc.dir/root/pico-sdk/lib/tinyusb/src/device/usbd.c.obj
 .bss._usbd_q   0x00000000200015b4        0x4 CMakeFiles/motor_adc.dir/root/pico-sdk/lib/tinyusb/src/device/usbd.c.obj
 .bss._usbd_qdef_buf
                0x00000000200015b8       0xc0 CMakeFiles/motor_adc.dir/root/pico-sdk/lib/tinyusb/src/device/usbd.c.obj
                0x00000000200015b8                _usbd_qdef_buf
 .bss.alarm_callbacks
                0x0000000020001678       0x10 CMakeFiles/motor_adc.dir/root/pico-sdk/src/rp2_common/hardware_timer/timer.c.obj
 .bss.boot2_copyout
                0x0000000020001688      0x100 CMakeFiles/motor_adc.dir/root/pico-sdk/src/rp2_common/hardware_flash/flash.c.obj
 .bss.chars_available_callback
                0x0000000020001788        0x4 CMakeFiles/motor_adc.dir/root/pico-sdk/src/rp2_common/pico_stdio_usb/stdio_usb.c.obj
 .bss.chars_available_param
                0x000000002000178c        0x4 CMakeFiles/motor_adc.dir/root/pico-sdk/src/rp2_common/pico_stdio_usb/stdio_usb.c.obj
 .bss.claimed   0x0000000020001790        0x4 CMakeFiles/motor_adc.dir/root/pico-sdk/src/rp2_common/hardware_sync/sync.c.obj
 .bss.configured_freq
                0x0000000020001794       0x28 CMakeFiles/motor_adc.dir/root/pico-sdk/src/rp2_common/hardware_clocks/clocks.c.obj
 .bss.default_alarm_pool_entry_ids_high
                0x00000000200017bc       0x10 CMakeFiles/motor_adc.dir/root/pico-sdk/src/common/pico_time/time.c.obj
 .bss.default_alarm_pool_heap_nodes
                0x00000000200017cc       0x30 CMakeFiles/motor_adc.dir/root/pico-sdk/src/common/pico_time/time.c.obj
 .bss.desc_str.0
                0x00000000200017fc       0x28 CMakeFiles/motor_adc.dir/root/pico-sdk/src/rp2_common/pico_stdio_usb/stdio_usb_descriptors.c.obj
 .bss.drivers   0x0000000020001824        0x4 CMakeFiles/motor_adc.dir/root/pico-sdk/src/rp2_common/pico_stdio/stdio.c.obj
 .bss.e15_last_sof
                0x0000000020001828        0x4 CMakeFiles/motor_adc.dir/root/pico-sdk/lib/tinyusb/src/portable/raspberrypi/rp2040/rp2040_usb.c.obj
                0x0000000020001828                e15_last_sof
 .bss.filter    0x000000002000182c        0x4 CMakeFiles/motor_adc.dir/root/pico-sdk/src/rp2_common/pico_stdio/stdio.c.obj
 .bss.hw_endpoints
                0x0000000020001830      0x400 CMakeFiles/motor_adc.dir/root/pico-sdk/lib/tinyusb/src/portable/raspberrypi/rp2040/dcd_rp2040.c.obj
 .bss.lazy_vsnprintf
                0x0000000020001c30        0x4 CMakeFiles/motor_adc.dir/root/pico-sdk/src/rp2_common/pico_printf/printf.c.obj
 .bss.load_value
                0x0000000020001c34        0x4 CMakeFiles/motor_adc.dir/root/pico-sdk/src/rp2_common/hardware_watchdog/watchdog.c.obj
 .bss.next_buffer_ptr
                0x0000000020001c38        0x4 CMakeFiles/motor_adc.dir/root/pico-sdk/lib/tinyusb/src/portable/raspberrypi/rp2040/dcd_rp2040.c.obj
 .bss.one_shot_timer_crit_sec
                0x0000000020001c3c        0x8 CMakeFiles/motor_adc.dir/root/pico-sdk/src/rp2_common/pico_stdio_usb/stdio_usb.c.obj
 .bss.pools     0x0000000020001c44       0x10 CMakeFiles/motor_adc.dir/root/pico-sdk/src/common/pico_time/time.c.obj
 .bss.retrieved_id
                0x0000000020001c54        0x8 CMakeFiles/motor_adc.dir/root/pico-sdk/src/rp2_common/pico_unique_id/unique_id.c.obj
 .bss.sf_clz_func
                0x0000000020001c5c        0x4 CMakeFiles/motor_adc.dir/root/pico-sdk/src/rp2_common/pico_double/double_init_rom.c.obj
                0x0000000020001c5c                sf_clz_func
 .bss.sleep_notifier
                0x0000000020001c60        0x4 CMakeFiles/motor_adc.dir/root/pico-sdk/src/common/pico_time/time.c.obj
 .bss.stdio_usb_mutex
                0x0000000020001c64        0x8 CMakeFiles/motor_adc.dir/root/pico-sdk/src/rp2_common/pico_stdio_usb/stdio_usb.c.obj
 .bss.target_hi
                0x0000000020001c6c       0x10 CMakeFiles/motor_adc.dir/root/pico-sdk/src/rp2_common/hardware_timer/timer.c.obj
 .bss.usbd_serial_str
                0x0000000020001c7c       0x11 CMakeFiles/motor_adc.dir/root/pico-sdk/src/rp2_common/pico_stdio_usb/stdio_usb_descriptors.c.obj
 .bss._app_driver_count
                0x0000000020001c8d        0x1 CMakeFiles/motor_adc.dir/root/pico-sdk/lib/tinyusb/src/device/usbd.c.obj
 .bss._sof_enable
                0x0000000020001c8e        0x1 CMakeFiles/motor_adc.dir/root/pico-sdk/lib/tinyusb/src/portable/raspberrypi/rp2040/dcd_rp2040.c.obj
 .bss.boot2_copyout_valid
                0x0000000020001c8f        0x1 CMakeFiles/motor_adc.dir/root/pico-sdk/src/rp2_common/hardware_flash/flash.c.obj
 .bss.claimed   0x0000000020001c90        0x1 CMakeFiles/motor_adc.dir/root/pico-sdk/src/rp2_common/hardware_timer/timer.c.obj
 .bss.irq_hander_chain_free_slot_head
                0x0000000020001c91        0x1 CMakeFiles/motor_adc.dir/root/pico-sdk/src/rp2_common/hardware_irq/irq.c.obj
 .bss.itf_num   0x0000000020001c92        0x1 CMakeFiles/motor_adc.dir/root/pico-sdk/src/rp2_common/pico_stdio_usb/reset_interface.c.obj
 .bss.low_priority_irq_num
                0x0000000020001c93        0x1 CMakeFiles/motor_adc.dir/root/pico-sdk/src/rp2_common/pico_stdio_usb/stdio_usb.c.obj
 .bss.one_shot_timer_pending
                0x0000000020001c94        0x1 CMakeFiles/motor_adc.dir/root/pico-sdk/src/rp2_common/pico_stdio_usb/stdio_usb.c.obj
 .bss.timer_callbacks_pending
                0x0000000020001c95        0x1 CMakeFiles/motor_adc.dir/root/pico-sdk/src/rp2_common/hardware_timer/timer.c.obj
 .bss.user_irq_claimed
                0x0000000020001c96        0x1 CMakeFiles/motor_adc.dir/root/pico-sdk/src/rp2_common/hardware_irq/irq.c.obj
 *(COMMON)
                0x0000000020001c98                . = ALIGN (0x4)
 *fill*         0x0000000020001c97        0x1 
                0x0000000020001c98                __bss_end__ = .

.heap           0x0000000020001c98      0x800
                0x0000000020001c98                __end__ = .
                0x0000000020001c98                end = __end__
 *(.heap*)
 .heap          0x0000000020001c98      0x800 CMakeFiles/motor_adc.dir/root/pico-sdk/src/rp2_common/pico_standard_link/crt0.S.obj
                0x0000000020002498                __HeapLimit = .

.stack1_dummy   0x0000000020040000        0x0
 *(.stack1*)

.stack_dummy    0x0000000020041000      0x800
 *(.stack*)
 .stack         0x0000000020041000      0x800 CMakeFiles/motor_adc.dir/root/pico-sdk/src/rp2_common/pico_standard_link/crt0.S.obj

.flash_end      0x0000000010007e98        0x0
                0x0000000010007e98                __flash_binary_end = .
                0x0000000020040000                __StackLimit = (ORIGIN (RAM) + LENGTH (RAM))
                0x0000000020041000                __StackOneTop = (ORIGIN (SCRATCH_X) + LENGTH (SCRATCH_X))
                0x0000000020042000                __StackTop = (ORIGIN (SCRATCH_Y) + LENGTH (SCRATCH_Y))
                0x0000000020041000                __StackOneBottom = (__StackOneTop - SIZEOF (.stack1_dummy))
                0x0000000020041800                __StackBottom = (__StackTop - SIZEOF (.stack_dummy))
                0x0000000020042000                PROVIDE (__stack = __StackTop)
                0x0000000000000001                ASSERT ((__StackLimit >= __HeapLimit), region RAM overflowed)
                0x0000000000000001                ASSERT (((__binary_info_header_end - __logical_binary_start) <= 0x100), Binary info must be in first 256 bytes of the binary)
LOAD CMakeFiles/motor_adc.dir/motor_adc.c.obj
LOAD CMakeFiles/motor_adc.dir/root/pico-sdk/src/rp2_common/pico_stdlib/stdlib.c.obj
LOAD CMakeFiles/motor_adc.dir/root/pico-sdk/src/rp2_common/hardware_gpio/gpio.c.obj
LOAD CMakeFiles/motor_adc.dir/root/pico-sdk/src/rp2_common/pico_platform/platform.c.obj
LOAD CMakeFiles/motor_adc.dir/root/pico-sdk/src/rp2_common/hardware_claim/claim.c.obj
LOAD CMakeFiles/motor_adc.dir/root/pico-sdk/src/rp2_common/hardware_sync/sync.c.obj
LOAD CMakeFiles/motor_adc.dir/root/pico-sdk/src/rp2_common/hardware_irq/irq.c.obj
LOAD CMakeFiles/motor_adc.dir/root/pico-sdk/src/rp2_common/hardware_irq/irq_handler_chain.S.obj
LOAD CMakeFiles/motor_adc.dir/root/pico-sdk/src/common/pico_sync/sem.c.obj
LOAD CMakeFiles/motor_adc.dir/root/pico-sdk/src/common/pico_sync/lock_core.c.obj
LOAD CMakeFiles/motor_adc.dir/root/pico-sdk/src/common/pico_sync/mutex.c.obj
LOAD CMakeFiles/motor_adc.dir/root/pico-sdk/src/common/pico_sync/critical_section.c.obj
LOAD CMakeFiles/motor_adc.dir/root/pico-sdk/src/common/pico_time/time.c.obj
LOAD CMakeFiles/motor_adc.dir/root/pico-sdk/src/common/pico_time/timeout_helper.c.obj
LOAD CMakeFiles/motor_adc.dir/root/pico-sdk/src/rp2_common/hardware_timer/timer.c.obj
LOAD CMakeFiles/motor_adc.dir/root/pico-sdk/src/common/pico_util/datetime.c.obj
LOAD CMakeFiles/motor_adc.dir/root/pico-sdk/src/common/pico_util/pheap.c.obj
LOAD CMakeFiles/motor_adc.dir/root/pico-sdk/src/common/pico_util/queue.c.obj
LOAD CMakeFiles/motor_adc.dir/root/pico-sdk/src/rp2_common/hardware_uart/uart.c.obj
LOAD CMakeFiles/motor_adc.dir/root/pico-sdk/src/rp2_common/hardware_clocks/clocks.c.obj
LOAD CMakeFiles/motor_adc.dir/root/pico-sdk/src/rp2_common/hardware_pll/pll.c.obj
LOAD CMakeFiles/motor_adc.dir/root/pico-sdk/src/rp2_common/hardware_vreg/vreg.c.obj
LOAD CMakeFiles/motor_adc.dir/root/pico-sdk/src/rp2_common/hardware_watchdog/watchdog.c.obj
LOAD CMakeFiles/motor_adc.dir/root/pico-sdk/src/rp2_common/hardware_xosc/xosc.c.obj
LOAD CMakeFiles/motor_adc.dir/root/pico-sdk/src/rp2_common/hardware_divider/divider.S.obj
LOAD CMakeFiles/motor_adc.dir/root/pico-sdk/src/rp2_common/pico_runtime/runtime.c.obj
LOAD CMakeFiles/motor_adc.dir/root/pico-sdk/src/rp2_common/pico_printf/printf.c.obj
LOAD CMakeFiles/motor_adc.dir/root/pico-sdk/src/rp2_common/pico_bit_ops/bit_ops_aeabi.S.obj
LOAD CMakeFiles/motor_adc.dir/root/pico-sdk/src/rp2_common/pico_bootrom/bootrom.c.obj
LOAD CMakeFiles/motor_adc.dir/root/pico-sdk/src/rp2_common/pico_divider/divider.S.obj
LOAD CMakeFiles/motor_adc.dir/root/pico-sdk/src/rp2_common/pico_double/double_aeabi.S.obj
LOAD CMakeFiles/motor_adc.dir/root/pico-sdk/src/rp2_common/pico_double/double_init_rom.c.obj
LOAD CMakeFiles/motor_adc.dir/root/pico-sdk/src/rp2_common/pico_double/double_math.c.obj
LOAD CMakeFiles/motor_adc.dir/root/pico-sdk/src/rp2_common/pico_double/double_v1_rom_shim.S.obj
LOAD CMakeFiles/motor_adc.dir/root/pico-sdk/src/rp2_common/pico_int64_ops/pico_int64_ops_aeabi.S.obj
LOAD CMakeFiles/motor_adc.dir/root/pico-sdk/src/rp2_common/pico_float/float_aeabi.S.obj
LOAD CMakeFiles/motor_adc.dir/root/pico-sdk/src/rp2_common/pico_float/float_init_rom.c.obj
LOAD CMakeFiles/motor_adc.dir/root/pico-sdk/src/rp2_common/pico_float/float_math.c.obj
LOAD CMakeFiles/motor_adc.dir/root/pico-sdk/src/rp2_common/pico_float/float_v1_rom_shim.S.obj
LOAD CMakeFiles/motor_adc.dir/root/pico-sdk/src/rp2_common/pico_malloc/pico_malloc.c.obj
LOAD CMakeFiles/motor_adc.dir/root/pico-sdk/src/rp2_common/pico_mem_ops/mem_ops_aeabi.S.obj
LOAD CMakeFiles/motor_adc.dir/root/pico-sdk/src/rp2_common/pico_standard_link/crt0.S.obj
LOAD CMakeFiles/motor_adc.dir/root/pico-sdk/src/rp2_common/pico_standard_link/new_delete.cpp.obj
LOAD CMakeFiles/motor_adc.dir/root/pico-sdk/src/rp2_common/pico_standard_link/binary_info.c.obj
LOAD CMakeFiles/motor_adc.dir/root/pico-sdk/src/rp2_common/pico_stdio/stdio.c.obj
LOAD CMakeFiles/motor_adc.dir/root/pico-sdk/src/rp2_common/pico_stdio_usb/reset_interface.c.obj
LOAD CMakeFiles/motor_adc.dir/root/pico-sdk/src/rp2_common/pico_stdio_usb/stdio_usb.c.obj
LOAD CMakeFiles/motor_adc.dir/root/pico-sdk/src/rp2_common/pico_stdio_usb/stdio_usb_descriptors.c.obj
LOAD CMakeFiles/motor_adc.dir/root/pico-sdk/src/rp2_common/pico_unique_id/unique_id.c.obj
LOAD CMakeFiles/motor_adc.dir/root/pico-sdk/src/rp2_common/hardware_flash/flash.c.obj
LOAD CMakeFiles/motor_adc.dir/root/pico-sdk/lib/tinyusb/src/portable/raspberrypi/rp2040/dcd_rp2040.c.obj
LOAD CMakeFiles/motor_adc.dir/root/pico-sdk/lib/tinyusb/src/portable/raspberrypi/rp2040/rp2040_usb.c.obj
LOAD CMakeFiles/motor_adc.dir/root/pico-sdk/lib/tinyusb/src/device/usbd.c.obj
LOAD CMakeFiles/motor_adc.dir/root/pico-sdk/lib/tinyusb/src/device/usbd_control.c.obj
LOAD CMakeFiles/motor_adc.dir/root/pico-sdk/lib/tinyusb/src/class/audio/audio_device.c.obj
LOAD CMakeFiles/motor_adc.dir/root/pico-sdk/lib/tinyusb/src/class/cdc/cdc_device.c.obj
LOAD CMakeFiles/motor_adc.dir/root/pico-sdk/lib/tinyusb/src/class/dfu/dfu_device.c.obj
LOAD CMakeFiles/motor_adc.dir/root/pico-sdk/lib/tinyusb/src/class/dfu/dfu_rt_device.c.obj
LOAD CMakeFiles/motor_adc.dir/root/pico-sdk/lib/tinyusb/src/class/hid/hid_device.c.obj
LOAD CMakeFiles/motor_adc.dir/root/pico-sdk/lib/tinyusb/src/class/midi/midi_device.c.obj
LOAD CMakeFiles/motor_adc.dir/root/pico-sdk/lib/tinyusb/src/class/msc/msc_device.c.obj
LOAD CMakeFiles/motor_adc.dir/root/pico-sdk/lib/tinyusb/src/class/net/ecm_rndis_device.c.obj
LOAD CMakeFiles/motor_adc.dir/root/pico-sdk/lib/tinyusb/src/class/net/ncm_device.c.obj
LOAD CMakeFiles/motor_adc.dir/root/pico-sdk/lib/tinyusb/src/class/usbtmc/usbtmc_device.c.obj
LOAD CMakeFiles/motor_adc.dir/root/pico-sdk/lib/tinyusb/src/class/vendor/vendor_device.c.obj
LOAD CMakeFiles/motor_adc.dir/root/pico-sdk/lib/tinyusb/src/class/video/video_device.c.obj
LOAD CMakeFiles/motor_adc.dir/root/pico-sdk/lib/tinyusb/src/portable/raspberrypi/pio_usb/dcd_pio_usb.c.obj
LOAD CMakeFiles/motor_adc.dir/root/pico-sdk/lib/tinyusb/src/tusb.c.obj
LOAD CMakeFiles/motor_adc.dir/root/pico-sdk/lib/tinyusb/src/common/tusb_fifo.c.obj
LOAD CMakeFiles/motor_adc.dir/root/pico-sdk/src/rp2_common/pico_fix/rp2040_usb_device_enumeration/rp2040_usb_device_enumeration.c.obj
LOAD CMakeFiles/motor_adc.dir/root/pico-sdk/src/rp2_common/hardware_adc/adc.c.obj
LOAD /tmp/ccs3XfeK.o
LOAD /usr/lib/gcc/arm-none-eabi/10.3.1/../../../arm-none-eabi/lib/thumb/v6-m/nofp/libstdc++.a
LOAD /usr/lib/gcc/arm-none-eabi/10.3.1/../../../arm-none-eabi/lib/thumb/v6-m/nofp/libm.a
START GROUP
LOAD /usr/lib/gcc/arm-none-eabi/10.3.1/thumb/v6-m/nofp/libgcc.a
LOAD /usr/lib/gcc/arm-none-eabi/10.3.1/../../../arm-none-eabi/lib/thumb/v6-m/nofp/libc.a
END GROUP
START GROUP
LOAD /usr/lib/gcc/arm-none-eabi/10.3.1/thumb/v6-m/nofp/libgcc.a
LOAD /usr/lib/gcc/arm-none-eabi/10.3.1/../../../arm-none-eabi/lib/thumb/v6-m/nofp/libc.a
LOAD /usr/lib/gcc/arm-none-eabi/10.3.1/../../../arm-none-eabi/lib/thumb/v6-m/nofp/libnosys.a
END GROUP
LOAD /usr/lib/gcc/arm-none-eabi/10.3.1/thumb/v6-m/nofp/crtend.o
LOAD /usr/lib/gcc/arm-none-eabi/10.3.1/thumb/v6-m/nofp/crtn.o
OUTPUT(motor_adc.elf elf32-littlearm)
LOAD linker stubs

.ARM.attributes
                0x0000000000000000       0x28
 .ARM.attributes
                0x0000000000000000       0x1e /usr/lib/gcc/arm-none-eabi/10.3.1/thumb/v6-m/nofp/crti.o
 .ARM.attributes
                0x000000000000001e       0x2c /usr/lib/gcc/arm-none-eabi/10.3.1/thumb/v6-m/nofp/crtbegin.o
 .ARM.attributes
                0x000000000000004a       0x2c CMakeFiles/motor_adc.dir/motor_adc.c.obj
 .ARM.attributes
                0x0000000000000076       0x2c CMakeFiles/motor_adc.dir/root/pico-sdk/src/rp2_common/hardware_gpio/gpio.c.obj
 .ARM.attributes
                0x00000000000000a2       0x2c CMakeFiles/motor_adc.dir/root/pico-sdk/src/rp2_common/pico_platform/platform.c.obj
 .ARM.attributes
                0x00000000000000ce       0x2c CMakeFiles/motor_adc.dir/root/pico-sdk/src/rp2_common/hardware_claim/claim.c.obj
 .ARM.attributes
                0x00000000000000fa       0x2c CMakeFiles/motor_adc.dir/root/pico-sdk/src/rp2_common/hardware_sync/sync.c.obj
 .ARM.attributes
                0x0000000000000126       0x2c CMakeFiles/motor_adc.dir/root/pico-sdk/src/rp2_common/hardware_irq/irq.c.obj
 .ARM.attributes
                0x0000000000000152       0x22 CMakeFiles/motor_adc.dir/root/pico-sdk/src/rp2_common/hardware_irq/irq_handler_chain.S.obj
 .ARM.attributes
                0x0000000000000174       0x2c CMakeFiles/motor_adc.dir/root/pico-sdk/src/common/pico_sync/lock_core.c.obj
 .ARM.attributes
                0x00000000000001a0       0x2c CMakeFiles/motor_adc.dir/root/pico-sdk/src/common/pico_sync/mutex.c.obj
 .ARM.attributes
                0x00000000000001cc       0x2c CMakeFiles/motor_adc.dir/root/pico-sdk/src/common/pico_sync/critical_section.c.obj
 .ARM.attributes
                0x00000000000001f8       0x2c CMakeFiles/motor_adc.dir/root/pico-sdk/src/common/pico_time/time.c.obj
 .ARM.attributes
                0x0000000000000224       0x2c CMakeFiles/motor_adc.dir/root/pico-sdk/src/rp2_common/hardware_timer/timer.c.obj
 .ARM.attributes
                0x0000000000000250       0x2c CMakeFiles/motor_adc.dir/root/pico-sdk/src/common/pico_util/pheap.c.obj
 .ARM.attributes
                0x000000000000027c       0x2c CMakeFiles/motor_adc.dir/root/pico-sdk/src/rp2_common/hardware_clocks/clocks.c.obj
 .ARM.attributes
                0x00000000000002a8       0x2c CMakeFiles/motor_adc.dir/root/pico-sdk/src/rp2_common/hardware_pll/pll.c.obj
 .ARM.attributes
                0x00000000000002d4       0x2c CMakeFiles/motor_adc.dir/root/pico-sdk/src/rp2_common/hardware_watchdog/watchdog.c.obj
 .ARM.attributes
                0x0000000000000300       0x2c CMakeFiles/motor_adc.dir/root/pico-sdk/src/rp2_common/hardware_xosc/xosc.c.obj
 .ARM.attributes
                0x000000000000032c       0x2c CMakeFiles/motor_adc.dir/root/pico-sdk/src/rp2_common/pico_runtime/runtime.c.obj
 .ARM.attributes
                0x0000000000000358       0x2c CMakeFiles/motor_adc.dir/root/pico-sdk/src/rp2_common/pico_printf/printf.c.obj
 .ARM.attributes
                0x0000000000000384       0x22 CMakeFiles/motor_adc.dir/root/pico-sdk/src/rp2_common/pico_bit_ops/bit_ops_aeabi.S.obj
 .ARM.attributes
                0x00000000000003a6       0x2c CMakeFiles/motor_adc.dir/root/pico-sdk/src/rp2_common/pico_bootrom/bootrom.c.obj
 .ARM.attributes
                0x00000000000003d2       0x22 CMakeFiles/motor_adc.dir/root/pico-sdk/src/rp2_common/pico_divider/divider.S.obj
 .ARM.attributes
                0x00000000000003f4       0x22 CMakeFiles/motor_adc.dir/root/pico-sdk/src/rp2_common/pico_double/double_aeabi.S.obj
 .ARM.attributes
                0x0000000000000416       0x2c CMakeFiles/motor_adc.dir/root/pico-sdk/src/rp2_common/pico_double/double_init_rom.c.obj
 .ARM.attributes
                0x0000000000000442       0x22 CMakeFiles/motor_adc.dir/root/pico-sdk/src/rp2_common/pico_double/double_v1_rom_shim.S.obj
 .ARM.attributes
                0x0000000000000464       0x22 CMakeFiles/motor_adc.dir/root/pico-sdk/src/rp2_common/pico_int64_ops/pico_int64_ops_aeabi.S.obj
 .ARM.attributes
                0x0000000000000486       0x22 CMakeFiles/motor_adc.dir/root/pico-sdk/src/rp2_common/pico_float/float_aeabi.S.obj
 .ARM.attributes
                0x00000000000004a8       0x2c CMakeFiles/motor_adc.dir/root/pico-sdk/src/rp2_common/pico_float/float_init_rom.c.obj
 .ARM.attributes
                0x00000000000004d4       0x22 CMakeFiles/motor_adc.dir/root/pico-sdk/src/rp2_common/pico_float/float_v1_rom_shim.S.obj
 .ARM.attributes
                0x00000000000004f6       0x22 CMakeFiles/motor_adc.dir/root/pico-sdk/src/rp2_common/pico_mem_ops/mem_ops_aeabi.S.obj
 .ARM.attributes
                0x0000000000000518       0x22 CMakeFiles/motor_adc.dir/root/pico-sdk/src/rp2_common/pico_standard_link/crt0.S.obj
 .ARM.attributes
                0x000000000000053a       0x32 CMakeFiles/motor_adc.dir/root/pico-sdk/src/rp2_common/pico_standard_link/binary_info.c.obj
 .ARM.attributes
                0x000000000000056c       0x2c CMakeFiles/motor_adc.dir/root/pico-sdk/src/rp2_common/pico_stdio/stdio.c.obj
 .ARM.attributes
                0x0000000000000598       0x2c CMakeFiles/motor_adc.dir/root/pico-sdk/src/rp2_common/pico_stdio_usb/reset_interface.c.obj
 .ARM.attributes
                0x00000000000005c4       0x2c CMakeFiles/motor_adc.dir/root/pico-sdk/src/rp2_common/pico_stdio_usb/stdio_usb.c.obj
 .ARM.attributes
                0x00000000000005f0       0x2c CMakeFiles/motor_adc.dir/root/pico-sdk/src/rp2_common/pico_stdio_usb/stdio_usb_descriptors.c.obj
 .ARM.attributes
                0x000000000000061c       0x2c CMakeFiles/motor_adc.dir/root/pico-sdk/src/rp2_common/pico_unique_id/unique_id.c.obj
 .ARM.attributes
                0x0000000000000648       0x2c CMakeFiles/motor_adc.dir/root/pico-sdk/src/rp2_common/hardware_flash/flash.c.obj
 .ARM.attributes
                0x0000000000000674       0x2c CMakeFiles/motor_adc.dir/root/pico-sdk/lib/tinyusb/src/portable/raspberrypi/rp2040/dcd_rp2040.c.obj
 .ARM.attributes
                0x00000000000006a0       0x2c CMakeFiles/motor_adc.dir/root/pico-sdk/lib/tinyusb/src/portable/raspberrypi/rp2040/rp2040_usb.c.obj
 .ARM.attributes
                0x00000000000006cc       0x2c CMakeFiles/motor_adc.dir/root/pico-sdk/lib/tinyusb/src/device/usbd.c.obj
 .ARM.attributes
                0x00000000000006f8       0x2c CMakeFiles/motor_adc.dir/root/pico-sdk/lib/tinyusb/src/device/usbd_control.c.obj
 .ARM.attributes
                0x0000000000000724       0x2c CMakeFiles/motor_adc.dir/root/pico-sdk/lib/tinyusb/src/class/cdc/cdc_device.c.obj
 .ARM.attributes
                0x0000000000000750       0x2c CMakeFiles/motor_adc.dir/root/pico-sdk/lib/tinyusb/src/tusb.c.obj
 .ARM.attributes
                0x000000000000077c       0x2c CMakeFiles/motor_adc.dir/root/pico-sdk/lib/tinyusb/src/common/tusb_fifo.c.obj
 .ARM.attributes
                0x00000000000007a8       0x2c CMakeFiles/motor_adc.dir/root/pico-sdk/src/rp2_common/hardware_adc/adc.c.obj
 .ARM.attributes
                0x00000000000007d4       0x22 /tmp/ccs3XfeK.o
 .ARM.attributes
                0x00000000000007f6       0x1e /usr/lib/gcc/arm-none-eabi/10.3.1/thumb/v6-m/nofp/libgcc.a(_dvmd_tls.o)
 .ARM.attributes
                0x0000000000000814       0x2c /usr/lib/gcc/arm-none-eabi/10.3.1/../../../arm-none-eabi/lib/thumb/v6-m/nofp/libc.a(lib_a-strlen-stub.o)
 .ARM.attributes
                0x0000000000000840       0x2c /usr/lib/gcc/arm-none-eabi/10.3.1/thumb/v6-m/nofp/crtend.o

.comment        0x0000000000000000       0x33
 .comment       0x0000000000000000       0x33 /usr/lib/gcc/arm-none-eabi/10.3.1/thumb/v6-m/nofp/crtbegin.o
                                         0x34 (size before relaxing)
 .comment       0x0000000000000033       0x34 CMakeFiles/motor_adc.dir/motor_adc.c.obj
 .comment       0x0000000000000033       0x34 CMakeFiles/motor_adc.dir/root/pico-sdk/src/rp2_common/hardware_gpio/gpio.c.obj
 .comment       0x0000000000000033       0x34 CMakeFiles/motor_adc.dir/root/pico-sdk/src/rp2_common/pico_platform/platform.c.obj
 .comment       0x0000000000000033       0x34 CMakeFiles/motor_adc.dir/root/pico-sdk/src/rp2_common/hardware_claim/claim.c.obj
 .comment       0x0000000000000033       0x34 CMakeFiles/motor_adc.dir/root/pico-sdk/src/rp2_common/hardware_sync/sync.c.obj
 .comment       0x0000000000000033       0x34 CMakeFiles/motor_adc.dir/root/pico-sdk/src/rp2_common/hardware_irq/irq.c.obj
 .comment       0x0000000000000033       0x34 CMakeFiles/motor_adc.dir/root/pico-sdk/src/common/pico_sync/lock_core.c.obj
 .comment       0x0000000000000033       0x34 CMakeFiles/motor_adc.dir/root/pico-sdk/src/common/pico_sync/mutex.c.obj
 .comment       0x0000000000000033       0x34 CMakeFiles/motor_adc.dir/root/pico-sdk/src/common/pico_sync/critical_section.c.obj
 .comment       0x0000000000000033       0x34 CMakeFiles/motor_adc.dir/root/pico-sdk/src/common/pico_time/time.c.obj
 .comment       0x0000000000000033       0x34 CMakeFiles/motor_adc.dir/root/pico-sdk/src/rp2_common/hardware_timer/timer.c.obj
 .comment       0x0000000000000033       0x34 CMakeFiles/motor_adc.dir/root/pico-sdk/src/common/pico_util/pheap.c.obj
 .comment       0x0000000000000033       0x34 CMakeFiles/motor_adc.dir/root/pico-sdk/src/rp2_common/hardware_clocks/clocks.c.obj
 .comment       0x0000000000000033       0x34 CMakeFiles/motor_adc.dir/root/pico-sdk/src/rp2_common/hardware_pll/pll.c.obj
 .comment       0x0000000000000033       0x34 CMakeFiles/motor_adc.dir/root/pico-sdk/src/rp2_common/hardware_watchdog/watchdog.c.obj
 .comment       0x0000000000000033       0x34 CMakeFiles/motor_adc.dir/root/pico-sdk/src/rp2_common/hardware_xosc/xosc.c.obj
 .comment       0x0000000000000033       0x34 CMakeFiles/motor_adc.dir/root/pico-sdk/src/rp2_common/pico_runtime/runtime.c.obj
 .comment       0x0000000000000033       0x34 CMakeFiles/motor_adc.dir/root/pico-sdk/src/rp2_common/pico_printf/printf.c.obj
 .comment       0x0000000000000033       0x34 CMakeFiles/motor_adc.dir/root/pico-sdk/src/rp2_common/pico_bootrom/bootrom.c.obj
 .comment       0x0000000000000033       0x34 CMakeFiles/motor_adc.dir/root/pico-sdk/src/rp2_common/pico_double/double_init_rom.c.obj
 .comment       0x0000000000000033       0x34 CMakeFiles/motor_adc.dir/root/pico-sdk/src/rp2_common/pico_float/float_init_rom.c.obj
 .comment       0x0000000000000033       0x34 CMakeFiles/motor_adc.dir/root/pico-sdk/src/rp2_common/pico_standard_link/binary_info.c.obj
 .comment       0x0000000000000033       0x34 CMakeFiles/motor_adc.dir/root/pico-sdk/src/rp2_common/pico_stdio/stdio.c.obj
 .comment       0x0000000000000033       0x34 CMakeFiles/motor_adc.dir/root/pico-sdk/src/rp2_common/pico_stdio_usb/reset_interface.c.obj
 .comment       0x0000000000000033       0x34 CMakeFiles/motor_adc.dir/root/pico-sdk/src/rp2_common/pico_stdio_usb/stdio_usb.c.obj
 .comment       0x0000000000000033       0x34 CMakeFiles/motor_adc.dir/root/pico-sdk/src/rp2_common/pico_stdio_usb/stdio_usb_descriptors.c.obj
 .comment       0x0000000000000033       0x34 CMakeFiles/motor_adc.dir/root/pico-sdk/src/rp2_common/pico_unique_id/unique_id.c.obj
 .comment       0x0000000000000033       0x34 CMakeFiles/motor_adc.dir/root/pico-sdk/src/rp2_common/hardware_flash/flash.c.obj
 .comment       0x0000000000000033       0x34 CMakeFiles/motor_adc.dir/root/pico-sdk/lib/tinyusb/src/portable/raspberrypi/rp2040/dcd_rp2040.c.obj